Archive member included because of file (symbol)

D:\Dropbox\Embarcados\2-13\Lib_EaBaseBoard\Debug\libLib_EaBaseBoard.a(light.o)
                              ./src/main.o (light_enable)
D:\Dropbox\Embarcados\2-13\Lib_EaBaseBoard\Debug\libLib_EaBaseBoard.a(oled.o)
                              ./src/main.o (oled_init)
D:\Dropbox\Embarcados\2-13\Lib_EaBaseBoard\Debug\libLib_EaBaseBoard.a(font5x7.o)
                              D:\Dropbox\Embarcados\2-13\Lib_EaBaseBoard\Debug\libLib_EaBaseBoard.a(oled.o) (font5x7)
D:\Dropbox\Embarcados\2-13\Lib_MCU\Debug\libLib_MCU.a(gpio.o)
                              ./src/main.o (GPIOInit)
D:\Dropbox\Embarcados\2-13\Lib_MCU\Debug\libLib_MCU.a(i2c.o)
                              ./src/main.o (I2CInit)
D:\Dropbox\Embarcados\2-13\Lib_MCU\Debug\libLib_MCU.a(ssp.o)
                              ./src/main.o (SSPInit)
D:\Dropbox\Embarcados\2-13\Lib_CMSISv1p30_LPC13xx\Debug\libLib_CMSISv1p30_LPC13xx.a(system_LPC13xx.o)
                              ./src/cr_startup_lpc13.o (SystemInit)
c:/nxp/lpcxpresso_6.0.4_159/lpcxpresso/tools/bin/../lib/gcc/arm-none-eabi/4.6.2/../../../../arm-none-eabi/lib/armv7-m\libcr_semihost.a(_cr__main.o)
                              ./src/cr_startup_lpc13.o (__main)
c:/nxp/lpcxpresso_6.0.4_159/lpcxpresso/tools/bin/../lib/gcc/arm-none-eabi/4.6.2/../../../../arm-none-eabi/lib/armv7-m\libcr_c.a(memset.o)
                              D:\Dropbox\Embarcados\2-13\Lib_EaBaseBoard\Debug\libLib_EaBaseBoard.a(oled.o) (memset)
c:/nxp/lpcxpresso_6.0.4_159/lpcxpresso/tools/bin/../lib/gcc/arm-none-eabi/4.6.2/../../../../arm-none-eabi/lib/armv7-m\libcr_c.a(fpprintf.o)
                              ./src/main.o (sprintf)
c:/nxp/lpcxpresso_6.0.4_159/lpcxpresso/tools/bin/../lib/gcc/arm-none-eabi/4.6.2/../../../../arm-none-eabi/lib/armv7-m\libcr_c.a(initio.o)
                              c:/nxp/lpcxpresso_6.0.4_159/lpcxpresso/tools/bin/../lib/gcc/arm-none-eabi/4.6.2/../../../../arm-none-eabi/lib/armv7-m\libcr_semihost.a(_cr__main.o) (_initio)
c:/nxp/lpcxpresso_6.0.4_159/lpcxpresso/tools/bin/../lib/gcc/arm-none-eabi/4.6.2/../../../../arm-none-eabi/lib/armv7-m\libcr_c.a(printf.o)
                              c:/nxp/lpcxpresso_6.0.4_159/lpcxpresso/tools/bin/../lib/gcc/arm-none-eabi/4.6.2/../../../../arm-none-eabi/lib/armv7-m\libcr_c.a(fpprintf.o) (__vfprintf)
c:/nxp/lpcxpresso_6.0.4_159/lpcxpresso/tools/bin/../lib/gcc/arm-none-eabi/4.6.2/../../../../arm-none-eabi/lib/armv7-m\libcr_c.a(setvbuf.o)
                              c:/nxp/lpcxpresso_6.0.4_159/lpcxpresso/tools/bin/../lib/gcc/arm-none-eabi/4.6.2/../../../../arm-none-eabi/lib/armv7-m\libcr_c.a(initio.o) (setvbuf)
c:/nxp/lpcxpresso_6.0.4_159/lpcxpresso/tools/bin/../lib/gcc/arm-none-eabi/4.6.2/../../../../arm-none-eabi/lib/armv7-m\libcr_c.a(stdio.o)
                              c:/nxp/lpcxpresso_6.0.4_159/lpcxpresso/tools/bin/../lib/gcc/arm-none-eabi/4.6.2/../../../../arm-none-eabi/lib/armv7-m\libcr_c.a(fpprintf.o) (__Ciob)
c:/nxp/lpcxpresso_6.0.4_159/lpcxpresso/tools/bin/../lib/gcc/arm-none-eabi/4.6.2/../../../../arm-none-eabi/lib/armv7-m\libcr_c.a(strlen.o)
                              c:/nxp/lpcxpresso_6.0.4_159/lpcxpresso/tools/bin/../lib/gcc/arm-none-eabi/4.6.2/../../../../arm-none-eabi/lib/armv7-m\libcr_c.a(printf.o) (strlen)
c:/nxp/lpcxpresso_6.0.4_159/lpcxpresso/tools/bin/../lib/gcc/arm-none-eabi/4.6.2/../../../../arm-none-eabi/lib/armv7-m\libcr_c.a(__fillbuf.o)
                              c:/nxp/lpcxpresso_6.0.4_159/lpcxpresso/tools/bin/../lib/gcc/arm-none-eabi/4.6.2/../../../../arm-none-eabi/lib/armv7-m\libcr_c.a(stdio.o) (__filbuf)
c:/nxp/lpcxpresso_6.0.4_159/lpcxpresso/tools/bin/../lib/gcc/arm-none-eabi/4.6.2/../../../../arm-none-eabi/lib/armv7-m\libcr_c.a(_deferredlazyseek.o)
                              c:/nxp/lpcxpresso_6.0.4_159/lpcxpresso/tools/bin/../lib/gcc/arm-none-eabi/4.6.2/../../../../arm-none-eabi/lib/armv7-m\libcr_c.a(__fillbuf.o) (_deferredlazyseek)
c:/nxp/lpcxpresso_6.0.4_159/lpcxpresso/tools/bin/../lib/gcc/arm-none-eabi/4.6.2/../../../../arm-none-eabi/lib/armv7-m\libcr_c.a(_fdopen.o)
                              c:/nxp/lpcxpresso_6.0.4_159/lpcxpresso/tools/bin/../lib/gcc/arm-none-eabi/4.6.2/../../../../arm-none-eabi/lib/armv7-m\libcr_c.a(initio.o) (_fdopen)
c:/nxp/lpcxpresso_6.0.4_159/lpcxpresso/tools/bin/../lib/gcc/arm-none-eabi/4.6.2/../../../../arm-none-eabi/lib/armv7-m\libcr_c.a(_fflush.o)
                              c:/nxp/lpcxpresso_6.0.4_159/lpcxpresso/tools/bin/../lib/gcc/arm-none-eabi/4.6.2/../../../../arm-none-eabi/lib/armv7-m\libcr_c.a(__fillbuf.o) (_fflush)
c:/nxp/lpcxpresso_6.0.4_159/lpcxpresso/tools/bin/../lib/gcc/arm-none-eabi/4.6.2/../../../../arm-none-eabi/lib/armv7-m\libcr_c.a(_frexpl.o)
                              c:/nxp/lpcxpresso_6.0.4_159/lpcxpresso/tools/bin/../lib/gcc/arm-none-eabi/4.6.2/../../../../arm-none-eabi/lib/armv7-m\libcr_c.a(fpprintf.o) (_frexpl)
[...]
Memory Configuration

Name             Origin             Length             Attributes
MFlash32         0x00000000         0x00008000         xr
RamLoc8          0x10000000         0x00002000         xrw
*default*        0x00000000         0xffffffff

Linker script and memory map

LOAD ./src/cr_startup_lpc13.o
LOAD ./src/driveUART.o
LOAD ./src/main.o
LOAD D:\Dropbox\Embarcados\2-13\Lib_EaBaseBoard\Debug\libLib_EaBaseBoard.a
LOAD D:\Dropbox\Embarcados\2-13\Lib_MCU\Debug\libLib_MCU.a
LOAD D:\Dropbox\Embarcados\2-13\Lib_CMSISv1p30_LPC13xx\Debug\libLib_CMSISv1p30_LPC13xx.a
START GROUP
LOAD c:/nxp/lpcxpresso_6.0.4_159/lpcxpresso/tools/bin/../lib/gcc/arm-none-eabi/4.6.2/../../../../arm-none-eabi/lib/armv7-m\libcr_semihost.a
LOAD c:/nxp/lpcxpresso_6.0.4_159/lpcxpresso/tools/bin/../lib/gcc/arm-none-eabi/4.6.2/../../../../arm-none-eabi/lib/armv7-m\libcr_c.a
LOAD c:/nxp/lpcxpresso_6.0.4_159/lpcxpresso/tools/bin/../lib/gcc/arm-none-eabi/4.6.2/armv7-m\libcr_eabihelpers.a
END GROUP
                0x00008000                __top_MFlash32 = 0x8000
                0x10002000                __top_RamLoc8 = 0x10002000

.text           0x00000000     0x4a78
 FILL mask 0xff
                0x00000000                __vectors_start__ = ABSOLUTE (.)
 *(.isr_vector)
 .isr_vector    0x00000000      0x124 ./src/cr_startup_lpc13.o
                0x00000000                g_pfnVectors
                0x00000124                . = ALIGN (0x4)
                0x00000124                __section_table_start = .
                0x00000124                __data_section_table = .
                0x00000124        0x4 LONG 0x4a78 LOADADDR (.data)
                0x00000128        0x4 LONG 0x10000000 ADDR (.data)
                0x0000012c        0x4 LONG 0xc SIZEOF (.data)
                0x00000130                __data_section_table_end = .
                0x00000130                __bss_section_table = .
                0x00000130        0x4 LONG 0x1000000c ADDR (.bss)
                0x00000134        0x4 LONG 0x514 SIZEOF (.bss)
                0x00000138                __bss_section_table_end = .
                0x00000138                __section_table_end = .
 *(.after_vectors*)
 *(.text*)
 .text.NMI_Handler
                0x00000138        0x4 ./src/cr_startup_lpc13.o
                0x00000138                NMI_Handler
 .text.HardFault_Handler
                0x0000013c        0x4 ./src/cr_startup_lpc13.o
                0x0000013c                HardFault_Handler
 .text.MemManage_Handler
                0x00000140        0x4 ./src/cr_startup_lpc13.o
                0x00000140                MemManage_Handler
 .text.BusFault_Handler
                0x00000144        0x4 ./src/cr_startup_lpc13.o
                0x00000144                BusFault_Handler
 .text.UsageFault_Handler
                0x00000148        0x4 ./src/cr_startup_lpc13.o
                0x00000148                UsageFault_Handler
 .text.SVCall_Handler
                0x0000014c        0x4 ./src/cr_startup_lpc13.o
                0x0000014c                SVCall_Handler
 .text.DebugMon_Handler
                0x00000150        0x4 ./src/cr_startup_lpc13.o
                0x00000150                DebugMon_Handler
 .text.PendSV_Handler
                0x00000154        0x4 ./src/cr_startup_lpc13.o
                0x00000154                PendSV_Handler
 .text.SysTick_Handler
                0x00000158        0x4 ./src/cr_startup_lpc13.o
                0x00000158                SysTick_Handler
 .text.ResetISR
                0x0000015c       0x5c ./src/cr_startup_lpc13.o
                0x0000015c                ResetISR
 .text.IntDefaultHandler
                0x000001b8        0x4 ./src/cr_startup_lpc13.o
                0x000001b8                TIMER16_0_IRQHandler
                0x000001b8                TIMER32_0_IRQHandler
                0x000001b8                TIMER32_1_IRQHandler
                0x000001b8                IntDefaultHandler
                0x000001b8                PIOINT1_IRQHandler
                0x000001b8                TIMER16_1_IRQHandler
                0x000001b8                USB_FIQHandler
                0x000001b8                ADC_IRQHandler
                0x000001b8                PIOINT2_IRQHandler
                0x000001b8                USB_IRQHandler
                0x000001b8                BOD_IRQHandler
                0x000001b8                WAKEUP_IRQHandler
                0x000001b8                PIOINT0_IRQHandler
                0x000001b8                WDT_IRQHandler
                0x000001b8                PIOINT3_IRQHandler
                0x000001b8                FMC_IRQHandler
 .text.setBaudrate
                0x000001bc      0x10c ./src/driveUART.o
                0x000001bc                setBaudrate
 .text.init_uart
                0x000002c8       0x28 ./src/driveUART.o
                0x000002c8                init_uart
 .text.UART_IRQHandler
                0x000002f0       0x5c ./src/driveUART.o
                0x000002f0                UART_IRQHandler
 .text.setCaracterSaida
                0x0000034c       0x50 ./src/main.o
                0x0000034c                setCaracterSaida
 .text.trocaCaracter
                0x0000039c       0x24 ./src/main.o
                0x0000039c                trocaCaracter
 .text.enviarCaracter
                0x000003c0       0x44 ./src/main.o
                0x000003c0                enviarCaracter
 .text.getCaracterEntrada
                0x00000404       0x4c ./src/main.o
                0x00000404                getCaracterEntrada
 .text.setCaracterEntrada
                0x00000450       0x70 ./src/main.o
                0x00000450                setCaracterEntrada
 .text.atualizarTela
                0x000004c0      0x184 ./src/main.o
                0x000004c0                atualizarTela
 .text.tratarCaracter
                0x00000644       0x28 ./src/main.o
                0x00000644                tratarCaracter
 .text.main     0x0000066c       0x3c ./src/main.o
                0x0000066c                main
 .text.readControlReg
                0x000006a8       0x3c D:\Dropbox\Embarcados\2-13\Lib_EaBaseBoard\Debug\libLib_EaBaseBoard.a(light.o)
 .text.light_enable
                0x000006e4       0x48 D:\Dropbox\Embarcados\2-13\Lib_EaBaseBoard\Debug\libLib_EaBaseBoard.a(light.o)
                0x000006e4                light_enable
 .text.light_setRange
                0x0000072c       0xac D:\Dropbox\Embarcados\2-13\Lib_EaBaseBoard\Debug\libLib_EaBaseBoard.a(light.o)
                0x0000072c                light_setRange
 .text.writeCommand
                0x000007d8       0x50 D:\Dropbox\Embarcados\2-13\Lib_EaBaseBoard\Debug\libLib_EaBaseBoard.a(oled.o)
 .text.writeData
                0x00000828       0x50 D:\Dropbox\Embarcados\2-13\Lib_EaBaseBoard\Debug\libLib_EaBaseBoard.a(oled.o)
 .text.writeDataLen
                0x00000878       0x80 D:\Dropbox\Embarcados\2-13\Lib_EaBaseBoard\Debug\libLib_EaBaseBoard.a(oled.o)
 .text.runInitSequence
                0x000008f8      0x118 D:\Dropbox\Embarcados\2-13\Lib_EaBaseBoard\Debug\libLib_EaBaseBoard.a(oled.o)
 .text.oled_init
                0x00000a10       0xb8 D:\Dropbox\Embarcados\2-13\Lib_EaBaseBoard\Debug\libLib_EaBaseBoard.a(oled.o)
                0x00000a10                oled_init
 .text.oled_putPixel
                0x00000ac8      0x188 D:\Dropbox\Embarcados\2-13\Lib_EaBaseBoard\Debug\libLib_EaBaseBoard.a(oled.o)
                0x00000ac8                oled_putPixel
 .text.oled_clearScreen
                0x00000c50       0x74 D:\Dropbox\Embarcados\2-13\Lib_EaBaseBoard\Debug\libLib_EaBaseBoard.a(oled.o)
                0x00000c50                oled_clearScreen
 .text.oled_putChar
                0x00000cc4       0xf0 D:\Dropbox\Embarcados\2-13\Lib_EaBaseBoard\Debug\libLib_EaBaseBoard.a(oled.o)
                0x00000cc4                oled_putChar
 .text.oled_putString
                0x00000db4       0x54 D:\Dropbox\Embarcados\2-13\Lib_EaBaseBoard\Debug\libLib_EaBaseBoard.a(oled.o)
                0x00000db4                oled_putString
 .text.NVIC_EnableIRQ
                0x00000e08       0x38 D:\Dropbox\Embarcados\2-13\Lib_MCU\Debug\libLib_MCU.a(gpio.o)
 .text.GPIOInit
                0x00000e40       0xb8 D:\Dropbox\Embarcados\2-13\Lib_MCU\Debug\libLib_MCU.a(gpio.o)
                0x00000e40                GPIOInit
 .text.GPIOSetDir
                0x00000ef8      0x2d8 D:\Dropbox\Embarcados\2-13\Lib_MCU\Debug\libLib_MCU.a(gpio.o)
                0x00000ef8                GPIOSetDir
 .text.GPIOSetValue
                0x000011d0      0x1ec D:\Dropbox\Embarcados\2-13\Lib_MCU\Debug\libLib_MCU.a(gpio.o)
                0x000011d0                GPIOSetValue
 .text.NVIC_EnableIRQ
                0x000013bc       0x38 D:\Dropbox\Embarcados\2-13\Lib_MCU\Debug\libLib_MCU.a(i2c.o)
 .text.I2C_IRQHandler
                0x000013f4      0x408 D:\Dropbox\Embarcados\2-13\Lib_MCU\Debug\libLib_MCU.a(i2c.o)
                0x000013f4                I2C_IRQHandler
 .text.I2CStart
                0x000017fc       0x60 D:\Dropbox\Embarcados\2-13\Lib_MCU\Debug\libLib_MCU.a(i2c.o)
                0x000017fc                I2CStart
 .text.I2CStop  0x0000185c       0x34 D:\Dropbox\Embarcados\2-13\Lib_MCU\Debug\libLib_MCU.a(i2c.o)
                0x0000185c                I2CStop
 .text.I2CInit  0x00001890       0xec D:\Dropbox\Embarcados\2-13\Lib_MCU\Debug\libLib_MCU.a(i2c.o)
                0x00001890                I2CInit
 .text.I2CEngine
                0x0000197c       0x60 D:\Dropbox\Embarcados\2-13\Lib_MCU\Debug\libLib_MCU.a(i2c.o)
                0x0000197c                I2CEngine
 .text.I2CRead  0x000019dc       0x68 D:\Dropbox\Embarcados\2-13\Lib_MCU\Debug\libLib_MCU.a(i2c.o)
                0x000019dc                I2CRead
 .text.I2CWrite
                0x00001a44       0x60 D:\Dropbox\Embarcados\2-13\Lib_MCU\Debug\libLib_MCU.a(i2c.o)
                0x00001a44                I2CWrite
 .text.NVIC_EnableIRQ
                0x00001aa4       0x38 D:\Dropbox\Embarcados\2-13\Lib_MCU\Debug\libLib_MCU.a(ssp.o)
 .text.SSP_IRQHandler
                0x00001adc       0xa0 D:\Dropbox\Embarcados\2-13\Lib_MCU\Debug\libLib_MCU.a(ssp.o)
                0x00001adc                SSP_IRQHandler
 .text.SSPInit  0x00001b7c      0x16c D:\Dropbox\Embarcados\2-13\Lib_MCU\Debug\libLib_MCU.a(ssp.o)
                0x00001b7c                SSPInit
 .text.SSPSend  0x00001ce8       0x78 D:\Dropbox\Embarcados\2-13\Lib_MCU\Debug\libLib_MCU.a(ssp.o)
                0x00001ce8                SSPSend
 .text.SystemInit
                0x00001d60      0x124 D:\Dropbox\Embarcados\2-13\Lib_CMSISv1p30_LPC13xx\Debug\libLib_CMSISv1p30_LPC13xx.a(system_LPC13xx.o)
                0x00001d60                SystemInit
 .text.__main   0x00001e84       0x14 c:/nxp/lpcxpresso_6.0.4_159/lpcxpresso/tools/bin/../lib/gcc/arm-none-eabi/4.6.2/../../../../arm-none-eabi/lib/armv7-m\libcr_semihost.a(_cr__main.o)
                0x00001e84                __CR_SEMIHOST
                0x00001e84                __main
 .text.memset   0x00001e98        0x4 c:/nxp/lpcxpresso_6.0.4_159/lpcxpresso/tools/bin/../lib/gcc/arm-none-eabi/4.6.2/../../../../arm-none-eabi/lib/armv7-m\libcr_c.a(memset.o)
                0x00001e98                memset
 .text.lose_trailing_zeros
                0x00001e9c       0x1e c:/nxp/lpcxpresso_6.0.4_159/lpcxpresso/tools/bin/../lib/gcc/arm-none-eabi/4.6.2/../../../../arm-none-eabi/lib/armv7-m\libcr_c.a(fpprintf.o)
 .text.fp_round
                0x00001eba       0x54 c:/nxp/lpcxpresso_6.0.4_159/lpcxpresso/tools/bin/../lib/gcc/arm-none-eabi/4.6.2/../../../../arm-none-eabi/lib/armv7-m\libcr_c.a(fpprintf.o)
 .text.pr_dec.constprop.1
                0x00001f0e       0x22 c:/nxp/lpcxpresso_6.0.4_159/lpcxpresso/tools/bin/../lib/gcc/arm-none-eabi/4.6.2/../../../../arm-none-eabi/lib/armv7-m\libcr_c.a(fpprintf.o)
 .text.sprintf  0x00001f30       0x70 c:/nxp/lpcxpresso_6.0.4_159/lpcxpresso/tools/bin/../lib/gcc/arm-none-eabi/4.6.2/../../../../arm-none-eabi/lib/armv7-m\libcr_c.a(fpprintf.o)
                0x00001f30                sprintf
 .text.fp_display
                0x00001fa0      0x908 c:/nxp/lpcxpresso_6.0.4_159/lpcxpresso/tools/bin/../lib/gcc/arm-none-eabi/4.6.2/../../../../arm-none-eabi/lib/armv7-m\libcr_c.a(fpprintf.o)
 .text._initio  0x000028a8       0x9c c:/nxp/lpcxpresso_6.0.4_159/lpcxpresso/tools/bin/../lib/gcc/arm-none-eabi/4.6.2/../../../../arm-none-eabi/lib/armv7-m\libcr_c.a(initio.o)
                0x000028a8                _initio
 .text.__vfprintf
                0x00002944      0xd54 c:/nxp/lpcxpresso_6.0.4_159/lpcxpresso/tools/bin/../lib/gcc/arm-none-eabi/4.6.2/../../../../arm-none-eabi/lib/armv7-m\libcr_c.a(printf.o)
                0x00002944                __vfprintf
 .text.setvbuf  0x00003698       0x48 c:/nxp/lpcxpresso_6.0.4_159/lpcxpresso/tools/bin/../lib/gcc/arm-none-eabi/4.6.2/../../../../arm-none-eabi/lib/armv7-m\libcr_c.a(setvbuf.o)
                0x00003698                setvbuf
 .text.strlen   0x000036e0       0x4c c:/nxp/lpcxpresso_6.0.4_159/lpcxpresso/tools/bin/../lib/gcc/arm-none-eabi/4.6.2/../../../../arm-none-eabi/lib/armv7-m\libcr_c.a(strlen.o)
                0x000036e0                strlen
 .text._deferredlazyseek
                0x0000372c       0x44 c:/nxp/lpcxpresso_6.0.4_159/lpcxpresso/tools/bin/../lib/gcc/arm-none-eabi/4.6.2/../../../../arm-none-eabi/lib/armv7-m\libcr_c.a(_deferredlazyseek.o)
                0x0000372c                _deferredlazyseek
 .text.__flsbuf
                0x00003770      0x14e c:/nxp/lpcxpresso_6.0.4_159/lpcxpresso/tools/bin/../lib/gcc/arm-none-eabi/4.6.2/../../../../arm-none-eabi/lib/armv7-m\libcr_c.a(_deferredlazyseek.o)
                0x00003770                __flsbuf
 .text._fdopen  0x000038be       0x6c c:/nxp/lpcxpresso_6.0.4_159/lpcxpresso/tools/bin/../lib/gcc/arm-none-eabi/4.6.2/../../../../arm-none-eabi/lib/armv7-m\libcr_c.a(_fdopen.o)
                0x000038be                _fdopen
 .text._fflush  0x0000392a       0x58 c:/nxp/lpcxpresso_6.0.4_159/lpcxpresso/tools/bin/../lib/gcc/arm-none-eabi/4.6.2/../../../../arm-none-eabi/lib/armv7-m\libcr_c.a(_fflush.o)
                0x0000392a                _fflush
 .text._frexpl  0x00003982       0x60 c:/nxp/lpcxpresso_6.0.4_159/lpcxpresso/tools/bin/../lib/gcc/arm-none-eabi/4.6.2/../../../../arm-none-eabi/lib/armv7-m\libcr_c.a(_frexpl.o)
                0x00003982                _frexpl
 *fill*         0x000039e2        0x2 00
 .text._ldexpl  0x000039e4       0x50 c:/nxp/lpcxpresso_6.0.4_159/lpcxpresso/tools/bin/../lib/gcc/arm-none-eabi/4.6.2/../../../../arm-none-eabi/lib/armv7-m\libcr_c.a(_ldexpl.o)
                0x000039e4                _ldexpl
 .text._Cwritebuf
                0x00003a34       0x84 c:/nxp/lpcxpresso_6.0.4_159/lpcxpresso/tools/bin/../lib/gcc/arm-none-eabi/4.6.2/../../../../arm-none-eabi/lib/armv7-m\libcr_c.a(_writebuf.o)
                0x00003a34                _Cwritebuf
 .text.malloc   0x00003ab8       0xbc c:/nxp/lpcxpresso_6.0.4_159/lpcxpresso/tools/bin/../lib/gcc/arm-none-eabi/4.6.2/../../../../arm-none-eabi/lib/armv7-m\libcr_c.a(alloc.o)
                0x00003ab8                malloc
 .text.free     0x00003b74        0xc c:/nxp/lpcxpresso_6.0.4_159/lpcxpresso/tools/bin/../lib/gcc/arm-none-eabi/4.6.2/../../../../arm-none-eabi/lib/armv7-m\libcr_c.a(alloc.o)
                0x00003b74                free
 .text._Csys_alloc
                0x00003b80       0x20 c:/nxp/lpcxpresso_6.0.4_159/lpcxpresso/tools/bin/../lib/gcc/arm-none-eabi/4.6.2/../../../../arm-none-eabi/lib/armv7-m\libcr_c.a(alloc.o)
                0x00003b80                _Csys_alloc
 .text.fclose   0x00003ba0       0x6c c:/nxp/lpcxpresso_6.0.4_159/lpcxpresso/tools/bin/../lib/gcc/arm-none-eabi/4.6.2/../../../../arm-none-eabi/lib/armv7-m\libcr_c.a(fclose.o)
                0x00003ba0                fclose
 .text.fflush   0x00003c0c       0x34 c:/nxp/lpcxpresso_6.0.4_159/lpcxpresso/tools/bin/../lib/gcc/arm-none-eabi/4.6.2/../../../../arm-none-eabi/lib/armv7-m\libcr_c.a(fflush.o)
                0x00003c0c                fflush
 .text.fseek    0x00003c40      0x104 c:/nxp/lpcxpresso_6.0.4_159/lpcxpresso/tools/bin/../lib/gcc/arm-none-eabi/4.6.2/../../../../arm-none-eabi/lib/armv7-m\libcr_c.a(fseek.o)
                0x00003c40                fseek
 .text.ftell    0x00003d44       0x4c c:/nxp/lpcxpresso_6.0.4_159/lpcxpresso/tools/bin/../lib/gcc/arm-none-eabi/4.6.2/../../../../arm-none-eabi/lib/armv7-m\libcr_c.a(ftell.o)
                0x00003d44                ftell
 .text.remove   0x00003d90       0x14 c:/nxp/lpcxpresso_6.0.4_159/lpcxpresso/tools/bin/../lib/gcc/arm-none-eabi/4.6.2/../../../../arm-none-eabi/lib/armv7-m\libcr_c.a(remove.o)
                0x00003d90                remove
 .text._do_fflush
                0x00003da4       0x42 c:/nxp/lpcxpresso_6.0.4_159/lpcxpresso/tools/bin/../lib/gcc/arm-none-eabi/4.6.2/../../../../arm-none-eabi/lib/armv7-m\libcr_c.a(_do_fflush.o)
                0x00003da4                _do_fflush
 *fill*         0x00003de6        0x2 00
 .text.__aeabi_dmul
                0x00003de8      0x138 c:/nxp/lpcxpresso_6.0.4_159/lpcxpresso/tools/bin/../lib/gcc/arm-none-eabi/4.6.2/armv7-m\libcr_eabihelpers.a(double.o)
                0x00003de8                __aeabi_dmul
 .text.__aeabi_ddiv
                0x00003f20      0x168 c:/nxp/lpcxpresso_6.0.4_159/lpcxpresso/tools/bin/../lib/gcc/arm-none-eabi/4.6.2/armv7-m\libcr_eabihelpers.a(double.o)
                0x00003f20                __aeabi_ddiv
 .text.__aeabi_dsub
                0x00004088      0x1f4 c:/nxp/lpcxpresso_6.0.4_159/lpcxpresso/tools/bin/../lib/gcc/arm-none-eabi/4.6.2/armv7-m\libcr_eabihelpers.a(double.o)
                0x00004088                __aeabi_dsub
 .text.__aeabi_dadd
                0x0000427c      0x154 c:/nxp/lpcxpresso_6.0.4_159/lpcxpresso/tools/bin/../lib/gcc/arm-none-eabi/4.6.2/armv7-m\libcr_eabihelpers.a(double.o)
                0x0000427c                __aeabi_dadd
 .text.__aeabi_d2iz
                0x000043d0       0x40 c:/nxp/lpcxpresso_6.0.4_159/lpcxpresso/tools/bin/../lib/gcc/arm-none-eabi/4.6.2/armv7-m\libcr_eabihelpers.a(double.o)
                0x000043d0                __aeabi_d2iz
 .text.__bhs_ui2d
                0x00004410       0x5c c:/nxp/lpcxpresso_6.0.4_159/lpcxpresso/tools/bin/../lib/gcc/arm-none-eabi/4.6.2/armv7-m\libcr_eabihelpers.a(double.o)
                0x00004410                __bhs_ui2d
 .text.__aeabi_i2d
                0x0000446c       0x10 c:/nxp/lpcxpresso_6.0.4_159/lpcxpresso/tools/bin/../lib/gcc/arm-none-eabi/4.6.2/armv7-m\libcr_eabihelpers.a(double.o)
                0x0000446c                __aeabi_i2d
 .text.__aeabi_dcmpeq
                0x0000447c       0x3c c:/nxp/lpcxpresso_6.0.4_159/lpcxpresso/tools/bin/../lib/gcc/arm-none-eabi/4.6.2/armv7-m\libcr_eabihelpers.a(double.o)
                0x0000447c                __aeabi_dcmpeq
 .text.__aeabi_dcmplt
                0x000044b8       0x5c c:/nxp/lpcxpresso_6.0.4_159/lpcxpresso/tools/bin/../lib/gcc/arm-none-eabi/4.6.2/armv7-m\libcr_eabihelpers.a(double.o)
                0x000044b8                __aeabi_dcmplt
 .text.__aeabi_dcmple
                0x00004514       0x58 c:/nxp/lpcxpresso_6.0.4_159/lpcxpresso/tools/bin/../lib/gcc/arm-none-eabi/4.6.2/armv7-m\libcr_eabihelpers.a(double.o)
                0x00004514                __aeabi_dcmple
 .text.__aeabi_dcmpge
                0x0000456c       0x5c c:/nxp/lpcxpresso_6.0.4_159/lpcxpresso/tools/bin/../lib/gcc/arm-none-eabi/4.6.2/armv7-m\libcr_eabihelpers.a(double.o)
                0x0000456c                __aeabi_dcmpge
 .text.__aeabi_memset_lowlevel
                0x000045c8       0x24 c:/nxp/lpcxpresso_6.0.4_159/lpcxpresso/tools/bin/../lib/gcc/arm-none-eabi/4.6.2/armv7-m\libcr_eabihelpers.a(memcpy.o)
                0x000045c8                __aeabi_lowlevel_memset
 .text.__sys_appexit
                0x000045ec        0xc c:/nxp/lpcxpresso_6.0.4_159/lpcxpresso/tools/bin/../lib/gcc/arm-none-eabi/4.6.2/../../../../arm-none-eabi/lib/armv7-m\libcr_semihost.a(__sys_appexit.o)
                0x000045ec                __sys_appexit
                0x000045ec                __exit
 .text.__sys_close
                0x000045f8        0xc c:/nxp/lpcxpresso_6.0.4_159/lpcxpresso/tools/bin/../lib/gcc/arm-none-eabi/4.6.2/../../../../arm-none-eabi/lib/armv7-m\libcr_semihost.a(__sys_close.o)
                0x000045f8                __sys_close
 .text.__sys_flen
                0x00004604        0xc c:/nxp/lpcxpresso_6.0.4_159/lpcxpresso/tools/bin/../lib/gcc/arm-none-eabi/4.6.2/../../../../arm-none-eabi/lib/armv7-m\libcr_semihost.a(__sys_flen.o)
                0x00004604                __sys_flen
 .text.__sys_istty
                0x00004610        0xc c:/nxp/lpcxpresso_6.0.4_159/lpcxpresso/tools/bin/../lib/gcc/arm-none-eabi/4.6.2/../../../../arm-none-eabi/lib/armv7-m\libcr_semihost.a(__sys_istty.o)
                0x00004610                __sys_istty
 .text.__sys_remove
                0x0000461c        0xc c:/nxp/lpcxpresso_6.0.4_159/lpcxpresso/tools/bin/../lib/gcc/arm-none-eabi/4.6.2/../../../../arm-none-eabi/lib/armv7-m\libcr_semihost.a(__sys_remove.o)
                0x0000461c                __sys_remove
 .text.__sys_seek
                0x00004628        0xc c:/nxp/lpcxpresso_6.0.4_159/lpcxpresso/tools/bin/../lib/gcc/arm-none-eabi/4.6.2/../../../../arm-none-eabi/lib/armv7-m\libcr_semihost.a(__sys_seek.o)
                0x00004628                __sys_seek
 .text.__sys_tmpnam
                0x00004634        0xc c:/nxp/lpcxpresso_6.0.4_159/lpcxpresso/tools/bin/../lib/gcc/arm-none-eabi/4.6.2/../../../../arm-none-eabi/lib/armv7-m\libcr_semihost.a(__sys_tmpnam.o)
                0x00004634                __sys_tmpnam
 .text.__sys_write
                0x00004640        0xc c:/nxp/lpcxpresso_6.0.4_159/lpcxpresso/tools/bin/../lib/gcc/arm-none-eabi/4.6.2/../../../../arm-none-eabi/lib/armv7-m\libcr_semihost.a(__sys_write.o)
                0x00004640                __sys_write
                0x00004640                __write
 .text._sbrk    0x0000464c       0x40 c:/nxp/lpcxpresso_6.0.4_159/lpcxpresso/tools/bin/../lib/gcc/arm-none-eabi/4.6.2/../../../../arm-none-eabi/lib/armv7-m\libcr_semihost.a(_cr_sbrk.o)
                0x0000464c                _sbrk
 .text.__check_heap_overflow
                0x0000468c       0x2c c:/nxp/lpcxpresso_6.0.4_159/lpcxpresso/tools/bin/../lib/gcc/arm-none-eabi/4.6.2/../../../../arm-none-eabi/lib/armv7-m\libcr_semihost.a(_cr_check_heap.o)
                0x0000468c                __check_heap_overflow
 *(.rodata .rodata.*)
 .rodata.str1.4
                0x000046b8       0x2c ./src/main.o
                                 0x38 (size before relaxing)
 .rodata        0x000046e4        0x8 D:\Dropbox\Embarcados\2-13\Lib_EaBaseBoard\Debug\libLib_EaBaseBoard.a(oled.o)
 .rodata        0x000046ec      0x300 D:\Dropbox\Embarcados\2-13\Lib_EaBaseBoard\Debug\libLib_EaBaseBoard.a(font5x7.o)
                0x000046ec                font5x7
 .rodata.str1.1
                0x000049ec       0x34 c:/nxp/lpcxpresso_6.0.4_159/lpcxpresso/tools/bin/../lib/gcc/arm-none-eabi/4.6.2/../../../../arm-none-eabi/lib/armv7-m\libcr_c.a(fpprintf.o)
                                 0x35 (size before relaxing)
 .rodata.str1.1
                0x00004a20        0x4 c:/nxp/lpcxpresso_6.0.4_159/lpcxpresso/tools/bin/../lib/gcc/arm-none-eabi/4.6.2/../../../../arm-none-eabi/lib/armv7-m\libcr_c.a(initio.o)
 .rodata.str1.1
                0x00004a24       0x31 c:/nxp/lpcxpresso_6.0.4_159/lpcxpresso/tools/bin/../lib/gcc/arm-none-eabi/4.6.2/../../../../arm-none-eabi/lib/armv7-m\libcr_c.a(printf.o)
                                 0x38 (size before relaxing)
 .rodata.str1.1
                0x00004a55       0x18 c:/nxp/lpcxpresso_6.0.4_159/lpcxpresso/tools/bin/../lib/gcc/arm-none-eabi/4.6.2/../../../../arm-none-eabi/lib/armv7-m\libcr_c.a(alloc.o)
 *fill*         0x00004a6d        0x3 00
 .rodata.__huge_vall
                0x00004a70        0x8 c:/nxp/lpcxpresso_6.0.4_159/lpcxpresso/tools/bin/../lib/gcc/arm-none-eabi/4.6.2/../../../../arm-none-eabi/lib/armv7-m\libcr_c.a(_hugeval.o)
                0x00004a70                __huge_vall
                0x00004a78                . = ALIGN (0x4)

.glue_7         0x00004a78        0x0
 .glue_7        0x00000000        0x0 linker stubs

.glue_7t        0x00004a78        0x0
 .glue_7t       0x00000000        0x0 linker stubs

.vfp11_veneer   0x00004a78        0x0
 .vfp11_veneer  0x00000000        0x0 linker stubs

.v4_bx          0x00004a78        0x0
 .v4_bx         0x00000000        0x0 linker stubs

.ARM.extab
 *(.ARM.extab* .gnu.linkonce.armextab.*)
                0x00004a78                __exidx_start = .

.ARM.exidx
 *(.ARM.exidx* .gnu.linkonce.armexidx.*)
                0x00004a78                __exidx_end = .
                0x00004a78                _etext = .

.uninit_RESERVED
                0x10000000        0x0
 *(.bss.$RESERVED*)
                0x10000000                . = ALIGN (0x4)
                0x10000000                _end_uninit_RESERVED = .

.data           0x10000000        0xc load address 0x00004a78
 FILL mask 0xff
                0x10000000                _data = .
 *(vtable)
 *(.data*)
 .data          0x10000000        0x8 D:\Dropbox\Embarcados\2-13\Lib_EaBaseBoard\Debug\libLib_EaBaseBoard.a(light.o)
 .data          0x10000008        0x4 D:\Dropbox\Embarcados\2-13\Lib_CMSISv1p30_LPC13xx\Debug\libLib_CMSISv1p30_LPC13xx.a(system_LPC13xx.o)
                0x10000008                SystemCoreClock
                0x1000000c                . = ALIGN (0x4)
                0x1000000c                _edata = .

.bss            0x1000000c      0x514 load address 0x00004a84
                0x1000000c                _bss = .
 *(.bss*)
 .bss           0x1000000c       0x1c ./src/main.o
                0x1000000c                contadorSaidas
                0x10000010                contadorEscritaBufferSaida
                0x10000014                contadorLeituraBufferSaida
                0x10000018                contadorEntradas
                0x1000001c                contadorLeituraBufferEntrada
                0x10000020                flagCaracterNaoLido
                0x10000024                contadorEscritaBufferEntrada
 .bss           0x10000028      0x300 D:\Dropbox\Embarcados\2-13\Lib_EaBaseBoard\Debug\libLib_EaBaseBoard.a(oled.o)
 .bss           0x10000328       0x10 D:\Dropbox\Embarcados\2-13\Lib_MCU\Debug\libLib_MCU.a(gpio.o)
 .bss           0x10000338       0x2c D:\Dropbox\Embarcados\2-13\Lib_MCU\Debug\libLib_MCU.a(i2c.o)
 .bss           0x10000364        0xc D:\Dropbox\Embarcados\2-13\Lib_MCU\Debug\libLib_MCU.a(ssp.o)
                0x10000364                interruptRxStat
                0x10000368                interruptOverRunStat
                0x1000036c                interruptRxTimeoutStat
 .bss.errno     0x10000370        0x4 c:/nxp/lpcxpresso_6.0.4_159/lpcxpresso/tools/bin/../lib/gcc/arm-none-eabi/4.6.2/../../../../arm-none-eabi/lib/armv7-m\libcr_c.a(errno.o)
                0x10000370                errno
 *(COMMON)
 COMMON         0x10000374       0x60 ./src/main.o
                0x10000374                bufferSaida
                0x100003b4                bufferEntrada
 COMMON         0x100003d4        0x4 c:/nxp/lpcxpresso_6.0.4_159/lpcxpresso/tools/bin/../lib/gcc/arm-none-eabi/4.6.2/../../../../arm-none-eabi/lib/armv7-m\libcr_c.a(initio.o)
                0x100003d4                _extra
 COMMON         0x100003d8      0x140 c:/nxp/lpcxpresso_6.0.4_159/lpcxpresso/tools/bin/../lib/gcc/arm-none-eabi/4.6.2/../../../../arm-none-eabi/lib/armv7-m\libcr_c.a(stdio.o)
                0x100003d8                __Ciob
 COMMON         0x10000518        0x8 c:/nxp/lpcxpresso_6.0.4_159/lpcxpresso/tools/bin/../lib/gcc/arm-none-eabi/4.6.2/../../../../arm-none-eabi/lib/armv7-m\libcr_c.a(__init_alloc.o)
                0x10000518                __heaps
                0x1000051c                __end_of_heap
                0x10000520                . = ALIGN (0x4)
                0x10000520                _ebss = .
                0x10000520                PROVIDE (end, .)

.noinit         0x10000520        0x0 load address 0x00004a84
                0x10000520                _noinit = .
 *(.noinit*)
                0x10000520                . = ALIGN (0x4)
                0x10000520                _end_noinit = .
                0x10000520                PROVIDE (_pvHeapStart, .)
                0x10002000                PROVIDE (_vStackTop, (__top_RamLoc8 - 0x0))
OUTPUT(Em_Lab2.axf elf32-littlearm)

.debug_info     0x00000000     0x4d7a
 .debug_info    0x00000000      0x204 ./src/cr_startup_lpc13.o
 .debug_info    0x00000204      0xd73 ./src/driveUART.o
 .debug_info    0x00000f77      0x5be ./src/main.o
 .debug_info    0x00001535      0x4a8 D:\Dropbox\Embarcados\2-13\Lib_EaBaseBoard\Debug\libLib_EaBaseBoard.a(light.o)
 .debug_info    0x000019dd      0x802 D:\Dropbox\Embarcados\2-13\Lib_EaBaseBoard\Debug\libLib_EaBaseBoard.a(oled.o)
 .debug_info    0x000021df       0x65 D:\Dropbox\Embarcados\2-13\Lib_EaBaseBoard\Debug\libLib_EaBaseBoard.a(font5x7.o)
 .debug_info    0x00002244      0xb96 D:\Dropbox\Embarcados\2-13\Lib_MCU\Debug\libLib_MCU.a(gpio.o)
 .debug_info    0x00002dda      0xdb8 D:\Dropbox\Embarcados\2-13\Lib_MCU\Debug\libLib_MCU.a(i2c.o)
 .debug_info    0x00003b92      0xc73 D:\Dropbox\Embarcados\2-13\Lib_MCU\Debug\libLib_MCU.a(ssp.o)
 .debug_info    0x00004805      0x575 D:\Dropbox\Embarcados\2-13\Lib_CMSISv1p30_LPC13xx\Debug\libLib_CMSISv1p30_LPC13xx.a(system_LPC13xx.o)

.debug_abbrev   0x00000000      0xe23
 .debug_abbrev  0x00000000       0xc1 ./src/cr_startup_lpc13.o
 .debug_abbrev  0x000000c1      0x1f5 ./src/driveUART.o
 .debug_abbrev  0x000002b6      0x1e7 ./src/main.o
 .debug_abbrev  0x0000049d      0x161 D:\Dropbox\Embarcados\2-13\Lib_EaBaseBoard\Debug\libLib_EaBaseBoard.a(light.o)
 .debug_abbrev  0x000005fe      0x18f D:\Dropbox\Embarcados\2-13\Lib_EaBaseBoard\Debug\libLib_EaBaseBoard.a(oled.o)
 .debug_abbrev  0x0000078d       0x4b D:\Dropbox\Embarcados\2-13\Lib_EaBaseBoard\Debug\libLib_EaBaseBoard.a(font5x7.o)
 .debug_abbrev  0x000007d8      0x1e5 D:\Dropbox\Embarcados\2-13\Lib_MCU\Debug\libLib_MCU.a(gpio.o)
 .debug_abbrev  0x000009bd      0x1cc D:\Dropbox\Embarcados\2-13\Lib_MCU\Debug\libLib_MCU.a(i2c.o)
 .debug_abbrev  0x00000b89      0x19f D:\Dropbox\Embarcados\2-13\Lib_MCU\Debug\libLib_MCU.a(ssp.o)
 .debug_abbrev  0x00000d28       0xfb D:\Dropbox\Embarcados\2-13\Lib_CMSISv1p30_LPC13xx\Debug\libLib_CMSISv1p30_LPC13xx.a(system_LPC13xx.o)

.debug_loc      0x00000000      0xef7
 .debug_loc     0x00000000       0x33 ./src/cr_startup_lpc13.o
 .debug_loc     0x00000033       0xd5 ./src/driveUART.o
 .debug_loc     0x00000108      0x137 ./src/main.o
 .debug_loc     0x0000023f      0x304 D:\Dropbox\Embarcados\2-13\Lib_EaBaseBoard\Debug\libLib_EaBaseBoard.a(light.o)
 .debug_loc     0x00000543      0x33e D:\Dropbox\Embarcados\2-13\Lib_EaBaseBoard\Debug\libLib_EaBaseBoard.a(oled.o)
 .debug_loc     0x00000881      0x224 D:\Dropbox\Embarcados\2-13\Lib_MCU\Debug\libLib_MCU.a(gpio.o)
 .debug_loc     0x00000aa5      0x1a8 D:\Dropbox\Embarcados\2-13\Lib_MCU\Debug\libLib_MCU.a(i2c.o)
 .debug_loc     0x00000c4d      0x118 D:\Dropbox\Embarcados\2-13\Lib_MCU\Debug\libLib_MCU.a(ssp.o)
 .debug_loc     0x00000d65      0x192 D:\Dropbox\Embarcados\2-13\Lib_CMSISv1p30_LPC13xx\Debug\libLib_CMSISv1p30_LPC13xx.a(system_LPC13xx.o)

.debug_aranges  0x00000000      0x338
 .debug_aranges
                0x00000000       0x70 ./src/cr_startup_lpc13.o
 .debug_aranges
                0x00000070       0x30 ./src/driveUART.o
 .debug_aranges
                0x000000a0       0x58 ./src/main.o
 .debug_aranges
                0x000000f8       0x88 D:\Dropbox\Embarcados\2-13\Lib_EaBaseBoard\Debug\libLib_EaBaseBoard.a(light.o)
 .debug_aranges
                0x00000180       0x90 D:\Dropbox\Embarcados\2-13\Lib_EaBaseBoard\Debug\libLib_EaBaseBoard.a(oled.o)
 .debug_aranges
                0x00000210       0x68 D:\Dropbox\Embarcados\2-13\Lib_MCU\Debug\libLib_MCU.a(gpio.o)
 .debug_aranges
                0x00000278       0x58 D:\Dropbox\Embarcados\2-13\Lib_MCU\Debug\libLib_MCU.a(i2c.o)
 .debug_aranges
                0x000002d0       0x40 D:\Dropbox\Embarcados\2-13\Lib_MCU\Debug\libLib_MCU.a(ssp.o)
 .debug_aranges
                0x00000310       0x28 D:\Dropbox\Embarcados\2-13\Lib_CMSISv1p30_LPC13xx\Debug\libLib_CMSISv1p30_LPC13xx.a(system_LPC13xx.o)

.debug_ranges   0x00000000      0x2a8
 .debug_ranges  0x00000000       0x60 ./src/cr_startup_lpc13.o
 .debug_ranges  0x00000060       0x20 ./src/driveUART.o
 .debug_ranges  0x00000080       0x48 ./src/main.o
 .debug_ranges  0x000000c8       0x78 D:\Dropbox\Embarcados\2-13\Lib_EaBaseBoard\Debug\libLib_EaBaseBoard.a(light.o)
 .debug_ranges  0x00000140       0x80 D:\Dropbox\Embarcados\2-13\Lib_EaBaseBoard\Debug\libLib_EaBaseBoard.a(oled.o)
 .debug_ranges  0x000001c0       0x58 D:\Dropbox\Embarcados\2-13\Lib_MCU\Debug\libLib_MCU.a(gpio.o)
 .debug_ranges  0x00000218       0x48 D:\Dropbox\Embarcados\2-13\Lib_MCU\Debug\libLib_MCU.a(i2c.o)
 .debug_ranges  0x00000260       0x30 D:\Dropbox\Embarcados\2-13\Lib_MCU\Debug\libLib_MCU.a(ssp.o)
 .debug_ranges  0x00000290       0x18 D:\Dropbox\Embarcados\2-13\Lib_CMSISv1p30_LPC13xx\Debug\libLib_CMSISv1p30_LPC13xx.a(system_LPC13xx.o)

.debug_line     0x00000000     0x2e2b
 .debug_line    0x00000000      0x405 ./src/cr_startup_lpc13.o
 .debug_line    0x00000405      0x46a ./src/driveUART.o
 .debug_line    0x0000086f      0x4bf ./src/main.o
 .debug_line    0x00000d2e      0x57f D:\Dropbox\Embarcados\2-13\Lib_EaBaseBoard\Debug\libLib_EaBaseBoard.a(light.o)
 .debug_line    0x000012ad      0x774 D:\Dropbox\Embarcados\2-13\Lib_EaBaseBoard\Debug\libLib_EaBaseBoard.a(oled.o)
 .debug_line    0x00001a21       0x8e D:\Dropbox\Embarcados\2-13\Lib_EaBaseBoard\Debug\libLib_EaBaseBoard.a(font5x7.o)
 .debug_line    0x00001aaf      0x5bd D:\Dropbox\Embarcados\2-13\Lib_MCU\Debug\libLib_MCU.a(gpio.o)
 .debug_line    0x0000206c      0x4ec D:\Dropbox\Embarcados\2-13\Lib_MCU\Debug\libLib_MCU.a(i2c.o)
 .debug_line    0x00002558      0x4b0 D:\Dropbox\Embarcados\2-13\Lib_MCU\Debug\libLib_MCU.a(ssp.o)
 .debug_line    0x00002a08      0x423 D:\Dropbox\Embarcados\2-13\Lib_CMSISv1p30_LPC13xx\Debug\libLib_CMSISv1p30_LPC13xx.a(system_LPC13xx.o)

.debug_macinfo  0x00000000    0x43e7f
 .debug_macinfo
                0x00000000     0x3d40 ./src/cr_startup_lpc13.o
 .debug_macinfo
                0x00003d40     0x7a27 ./src/driveUART.o
 .debug_macinfo
                0x0000b767     0x794a ./src/main.o
 .debug_macinfo
                0x000130b1     0x7ad2 D:\Dropbox\Embarcados\2-13\Lib_EaBaseBoard\Debug\libLib_EaBaseBoard.a(light.o)
 .debug_macinfo
                0x0001ab83     0x7e3f D:\Dropbox\Embarcados\2-13\Lib_EaBaseBoard\Debug\libLib_EaBaseBoard.a(oled.o)
 .debug_macinfo
                0x000229c2     0x334b D:\Dropbox\Embarcados\2-13\Lib_EaBaseBoard\Debug\libLib_EaBaseBoard.a(font5x7.o)
 .debug_macinfo
                0x00025d0d     0x7626 D:\Dropbox\Embarcados\2-13\Lib_MCU\Debug\libLib_MCU.a(gpio.o)
 .debug_macinfo
                0x0002d333     0x787e D:\Dropbox\Embarcados\2-13\Lib_MCU\Debug\libLib_MCU.a(i2c.o)
 .debug_macinfo
                0x00034bb1     0x79c2 D:\Dropbox\Embarcados\2-13\Lib_MCU\Debug\libLib_MCU.a(ssp.o)
 .debug_macinfo
                0x0003c573     0x790c D:\Dropbox\Embarcados\2-13\Lib_CMSISv1p30_LPC13xx\Debug\libLib_CMSISv1p30_LPC13xx.a(system_LPC13xx.o)

.debug_str      0x00000000     0x14e7
 .debug_str     0x00000000      0x1c1 ./src/cr_startup_lpc13.o
                                0x1f5 (size before relaxing)
 .debug_str     0x000001c1      0x8d5 ./src/driveUART.o
                                0x9c5 (size before relaxing)
 .debug_str     0x00000a96      0x242 ./src/main.o
                                0x3b6 (size before relaxing)
 .debug_str     0x00000cd8      0x25e D:\Dropbox\Embarcados\2-13\Lib_EaBaseBoard\Debug\libLib_EaBaseBoard.a(light.o)
                                0x389 (size before relaxing)
 .debug_str     0x00000f36      0x1b2 D:\Dropbox\Embarcados\2-13\Lib_EaBaseBoard\Debug\libLib_EaBaseBoard.a(oled.o)
                                0x31c (size before relaxing)
 .debug_str     0x000010e8       0x11 D:\Dropbox\Embarcados\2-13\Lib_EaBaseBoard\Debug\libLib_EaBaseBoard.a(font5x7.o)
                                 0xcc (size before relaxing)
 .debug_str     0x000010f9      0x15a D:\Dropbox\Embarcados\2-13\Lib_MCU\Debug\libLib_MCU.a(gpio.o)
                                0x8ab (size before relaxing)
 .debug_str     0x00001253      0x169 D:\Dropbox\Embarcados\2-13\Lib_MCU\Debug\libLib_MCU.a(i2c.o)
                                0xa83 (size before relaxing)
 .debug_str     0x000013bc       0x8e D:\Dropbox\Embarcados\2-13\Lib_MCU\Debug\libLib_MCU.a(ssp.o)
                                0x9b8 (size before relaxing)
 .debug_str     0x0000144a       0x9d D:\Dropbox\Embarcados\2-13\Lib_CMSISv1p30_LPC13xx\Debug\libLib_CMSISv1p30_LPC13xx.a(system_LPC13xx.o)
                                0x446 (size before relaxing)

.comment        0x00000000       0xe0
 .comment       0x00000000       0x70 ./src/cr_startup_lpc13.o
                                 0x71 (size before relaxing)
 .comment       0x00000000       0x71 ./src/driveUART.o
 .comment       0x00000000       0x71 ./src/main.o
 .comment       0x00000000       0x71 D:\Dropbox\Embarcados\2-13\Lib_EaBaseBoard\Debug\libLib_EaBaseBoard.a(light.o)
 .comment       0x00000000       0x71 D:\Dropbox\Embarcados\2-13\Lib_EaBaseBoard\Debug\libLib_EaBaseBoard.a(oled.o)
 .comment       0x00000000       0x71 D:\Dropbox\Embarcados\2-13\Lib_EaBaseBoard\Debug\libLib_EaBaseBoard.a(font5x7.o)
 .comment       0x00000000       0x71 D:\Dropbox\Embarcados\2-13\Lib_MCU\Debug\libLib_MCU.a(gpio.o)
 .comment       0x00000000       0x71 D:\Dropbox\Embarcados\2-13\Lib_MCU\Debug\libLib_MCU.a(i2c.o)
 .comment       0x00000000       0x71 D:\Dropbox\Embarcados\2-13\Lib_MCU\Debug\libLib_MCU.a(ssp.o)
 .comment       0x00000000       0x71 D:\Dropbox\Embarcados\2-13\Lib_CMSISv1p30_LPC13xx\Debug\libLib_CMSISv1p30_LPC13xx.a(system_LPC13xx.o)
 .comment       0x00000070       0x70 c:/nxp/lpcxpresso_6.0.4_159/lpcxpresso/tools/bin/../lib/gcc/arm-none-eabi/4.6.2/../../../../arm-none-eabi/lib/armv7-m\libcr_semihost.a(_cr__main.o)
                                 0x71 (size before relaxing)
 .comment       0x00000000       0x71 c:/nxp/lpcxpresso_6.0.4_159/lpcxpresso/tools/bin/../lib/gcc/arm-none-eabi/4.6.2/../../../../arm-none-eabi/lib/armv7-m\libcr_c.a(memset.o)
 .comment       0x00000000       0x71 c:/nxp/lpcxpresso_6.0.4_159/lpcxpresso/tools/bin/../lib/gcc/arm-none-eabi/4.6.2/../../../../arm-none-eabi/lib/armv7-m\libcr_c.a(fpprintf.o)
 .comment       0x00000000       0x71 c:/nxp/lpcxpresso_6.0.4_159/lpcxpresso/tools/bin/../lib/gcc/arm-none-eabi/4.6.2/../../../../arm-none-eabi/lib/armv7-m\libcr_c.a(initio.o)
 .comment       0x00000000       0x71 c:/nxp/lpcxpresso_6.0.4_159/lpcxpresso/tools/bin/../lib/gcc/arm-none-eabi/4.6.2/../../../../arm-none-eabi/lib/armv7-m\libcr_c.a(printf.o)
 .comment       0x00000000       0x71 c:/nxp/lpcxpresso_6.0.4_159/lpcxpresso/tools/bin/../lib/gcc/arm-none-eabi/4.6.2/../../../../arm-none-eabi/lib/armv7-m\libcr_c.a(setvbuf.o)
 .comment       0x00000000       0x71 c:/nxp/lpcxpresso_6.0.4_159/lpcxpresso/tools/bin/../lib/gcc/arm-none-eabi/4.6.2/../../../../arm-none-eabi/lib/armv7-m\libcr_c.a(stdio.o)
 .comment       0x00000000       0x71 c:/nxp/lpcxpresso_6.0.4_159/lpcxpresso/tools/bin/../lib/gcc/arm-none-eabi/4.6.2/../../../../arm-none-eabi/lib/armv7-m\libcr_c.a(strlen.o)
 .comment       0x00000000       0x71 c:/nxp/lpcxpresso_6.0.4_159/lpcxpresso/tools/bin/../lib/gcc/arm-none-eabi/4.6.2/../../../../arm-none-eabi/lib/armv7-m\libcr_c.a(__fillbuf.o)
 .comment       0x00000000       0x71 c:/nxp/lpcxpresso_6.0.4_159/lpcxpresso/tools/bin/../lib/gcc/arm-none-eabi/4.6.2/../../../../arm-none-eabi/lib/armv7-m\libcr_c.a(_deferredlazyseek.o)
 .comment       0x00000000       0x71 c:/nxp/lpcxpresso_6.0.4_159/lpcxpresso/tools/bin/../lib/gcc/arm-none-eabi/4.6.2/../../../../arm-none-eabi/lib/armv7-m\libcr_c.a(_fdopen.o)
 .comment       0x00000000       0x71 c:/nxp/lpcxpresso_6.0.4_159/lpcxpresso/tools/bin/../lib/gcc/arm-none-eabi/4.6.2/../../../../arm-none-eabi/lib/armv7-m\libcr_c.a(_fflush.o)
 .comment       0x00000000       0x71 c:/nxp/lpcxpresso_6.0.4_159/lpcxpresso/tools/bin/../lib/gcc/arm-none-eabi/4.6.2/../../../../arm-none-eabi/lib/armv7-m\libcr_c.a(_frexpl.o)
 .comment       0x00000000       0x71 c:/nxp/lpcxpresso_6.0.4_159/lpcxpresso/tools/bin/../lib/gcc/arm-none-eabi/4.6.2/../../../../arm-none-eabi/lib/armv7-m\libcr_c.a(_ldexpl.o)
 .comment       0x00000000       0x71 c:/nxp/lpcxpresso_6.0.4_159/lpcxpresso/tools/bin/../lib/gcc/arm-none-eabi/4.6.2/../../../../arm-none-eabi/lib/armv7-m\libcr_c.a(_writebuf.o)
 .comment       0x00000000       0x71 c:/nxp/lpcxpresso_6.0.4_159/lpcxpresso/tools/bin/../lib/gcc/arm-none-eabi/4.6.2/../../../../arm-none-eabi/lib/armv7-m\libcr_c.a(alloc.o)
 .comment       0x00000000       0x71 c:/nxp/lpcxpresso_6.0.4_159/lpcxpresso/tools/bin/../lib/gcc/arm-none-eabi/4.6.2/../../../../arm-none-eabi/lib/armv7-m\libcr_c.a(errno.o)
 .comment       0x00000000       0x71 c:/nxp/lpcxpresso_6.0.4_159/lpcxpresso/tools/bin/../lib/gcc/arm-none-eabi/4.6.2/../../../../arm-none-eabi/lib/armv7-m\libcr_c.a(fclose.o)
 .comment       0x00000000       0x71 c:/nxp/lpcxpresso_6.0.4_159/lpcxpresso/tools/bin/../lib/gcc/arm-none-eabi/4.6.2/../../../../arm-none-eabi/lib/armv7-m\libcr_c.a(fflush.o)
 .comment       0x00000000       0x71 c:/nxp/lpcxpresso_6.0.4_159/lpcxpresso/tools/bin/../lib/gcc/arm-none-eabi/4.6.2/../../../../arm-none-eabi/lib/armv7-m\libcr_c.a(fseek.o)
 .comment       0x00000000       0x71 c:/nxp/lpcxpresso_6.0.4_159/lpcxpresso/tools/bin/../lib/gcc/arm-none-eabi/4.6.2/../../../../arm-none-eabi/lib/armv7-m\libcr_c.a(ftell.o)
 .comment       0x00000000       0x71 c:/nxp/lpcxpresso_6.0.4_159/lpcxpresso/tools/bin/../lib/gcc/arm-none-eabi/4.6.2/../../../../arm-none-eabi/lib/armv7-m\libcr_c.a(remove.o)
 .comment       0x00000000       0x71 c:/nxp/lpcxpresso_6.0.4_159/lpcxpresso/tools/bin/../lib/gcc/arm-none-eabi/4.6.2/../../../../arm-none-eabi/lib/armv7-m\libcr_c.a(memcpy.o)
 .comment       0x00000000       0x71 c:/nxp/lpcxpresso_6.0.4_159/lpcxpresso/tools/bin/../lib/gcc/arm-none-eabi/4.6.2/../../../../arm-none-eabi/lib/armv7-m\libcr_c.a(__init_alloc.o)
 .comment       0x00000000       0x71 c:/nxp/lpcxpresso_6.0.4_159/lpcxpresso/tools/bin/../lib/gcc/arm-none-eabi/4.6.2/../../../../arm-none-eabi/lib/armv7-m\libcr_c.a(_do_fflush.o)
 .comment       0x00000000       0x71 c:/nxp/lpcxpresso_6.0.4_159/lpcxpresso/tools/bin/../lib/gcc/arm-none-eabi/4.6.2/../../../../arm-none-eabi/lib/armv7-m\libcr_c.a(_hugeval.o)
 .comment       0x00000000       0x71 c:/nxp/lpcxpresso_6.0.4_159/lpcxpresso/tools/bin/../lib/gcc/arm-none-eabi/4.6.2/armv7-m\libcr_eabihelpers.a(double.o)
 .comment       0x00000000       0x71 c:/nxp/lpcxpresso_6.0.4_159/lpcxpresso/tools/bin/../lib/gcc/arm-none-eabi/4.6.2/../../../../arm-none-eabi/lib/armv7-m\libcr_semihost.a(_cr_sbrk.o)
 .comment       0x00000000       0x71 c:/nxp/lpcxpresso_6.0.4_159/lpcxpresso/tools/bin/../lib/gcc/arm-none-eabi/4.6.2/../../../../arm-none-eabi/lib/armv7-m\libcr_semihost.a(_cr_check_heap.o)

.ARM.attributes
                0x00000000       0x31
 .ARM.attributes
                0x00000000       0x33 ./src/cr_startup_lpc13.o
 .ARM.attributes
                0x00000033       0x33 ./src/driveUART.o
 .ARM.attributes
                0x00000066       0x33 ./src/main.o
 .ARM.attributes
                0x00000099       0x33 D:\Dropbox\Embarcados\2-13\Lib_EaBaseBoard\Debug\libLib_EaBaseBoard.a(light.o)
 .ARM.attributes
                0x000000cc       0x33 D:\Dropbox\Embarcados\2-13\Lib_EaBaseBoard\Debug\libLib_EaBaseBoard.a(oled.o)
 .ARM.attributes
                0x000000ff       0x33 D:\Dropbox\Embarcados\2-13\Lib_EaBaseBoard\Debug\libLib_EaBaseBoard.a(font5x7.o)
 .ARM.attributes
                0x00000132       0x33 D:\Dropbox\Embarcados\2-13\Lib_MCU\Debug\libLib_MCU.a(gpio.o)
 .ARM.attributes
                0x00000165       0x33 D:\Dropbox\Embarcados\2-13\Lib_MCU\Debug\libLib_MCU.a(i2c.o)
 .ARM.attributes
                0x00000198       0x33 D:\Dropbox\Embarcados\2-13\Lib_MCU\Debug\libLib_MCU.a(ssp.o)
 .ARM.attributes
                0x000001cb       0x33 D:\Dropbox\Embarcados\2-13\Lib_CMSISv1p30_LPC13xx\Debug\libLib_CMSISv1p30_LPC13xx.a(system_LPC13xx.o)
 .ARM.attributes
                0x000001fe       0x33 c:/nxp/lpcxpresso_6.0.4_159/lpcxpresso/tools/bin/../lib/gcc/arm-none-eabi/4.6.2/../../../../arm-none-eabi/lib/armv7-m\libcr_semihost.a(_cr__main.o)
 .ARM.attributes
                0x00000231       0x33 c:/nxp/lpcxpresso_6.0.4_159/lpcxpresso/tools/bin/../lib/gcc/arm-none-eabi/4.6.2/../../../../arm-none-eabi/lib/armv7-m\libcr_c.a(memset.o)
 .ARM.attributes
                0x00000264       0x33 c:/nxp/lpcxpresso_6.0.4_159/lpcxpresso/tools/bin/../lib/gcc/arm-none-eabi/4.6.2/../../../../arm-none-eabi/lib/armv7-m\libcr_c.a(fpprintf.o)
 .ARM.attributes
                0x00000297       0x33 c:/nxp/lpcxpresso_6.0.4_159/lpcxpresso/tools/bin/../lib/gcc/arm-none-eabi/4.6.2/../../../../arm-none-eabi/lib/armv7-m\libcr_c.a(initio.o)
 .ARM.attributes
                0x000002ca       0x33 c:/nxp/lpcxpresso_6.0.4_159/lpcxpresso/tools/bin/../lib/gcc/arm-none-eabi/4.6.2/../../../../arm-none-eabi/lib/armv7-m\libcr_c.a(printf.o)
 .ARM.attributes
                0x000002fd       0x33 c:/nxp/lpcxpresso_6.0.4_159/lpcxpresso/tools/bin/../lib/gcc/arm-none-eabi/4.6.2/../../../../arm-none-eabi/lib/armv7-m\libcr_c.a(setvbuf.o)
 .ARM.attributes
                0x00000330       0x33 c:/nxp/lpcxpresso_6.0.4_159/lpcxpresso/tools/bin/../lib/gcc/arm-none-eabi/4.6.2/../../../../arm-none-eabi/lib/armv7-m\libcr_c.a(stdio.o)
 .ARM.attributes
                0x00000363       0x33 c:/nxp/lpcxpresso_6.0.4_159/lpcxpresso/tools/bin/../lib/gcc/arm-none-eabi/4.6.2/../../../../arm-none-eabi/lib/armv7-m\libcr_c.a(strlen.o)
 .ARM.attributes
                0x00000396       0x33 c:/nxp/lpcxpresso_6.0.4_159/lpcxpresso/tools/bin/../lib/gcc/arm-none-eabi/4.6.2/../../../../arm-none-eabi/lib/armv7-m\libcr_c.a(__fillbuf.o)
 .ARM.attributes
                0x000003c9       0x33 c:/nxp/lpcxpresso_6.0.4_159/lpcxpresso/tools/bin/../lib/gcc/arm-none-eabi/4.6.2/../../../../arm-none-eabi/lib/armv7-m\libcr_c.a(_deferredlazyseek.o)
 .ARM.attributes
                0x000003fc       0x33 c:/nxp/lpcxpresso_6.0.4_159/lpcxpresso/tools/bin/../lib/gcc/arm-none-eabi/4.6.2/../../../../arm-none-eabi/lib/armv7-m\libcr_c.a(_fdopen.o)
 .ARM.attributes
                0x0000042f       0x33 c:/nxp/lpcxpresso_6.0.4_159/lpcxpresso/tools/bin/../lib/gcc/arm-none-eabi/4.6.2/../../../../arm-none-eabi/lib/armv7-m\libcr_c.a(_fflush.o)
 .ARM.attributes
                0x00000462       0x33 c:/nxp/lpcxpresso_6.0.4_159/lpcxpresso/tools/bin/../lib/gcc/arm-none-eabi/4.6.2/../../../../arm-none-eabi/lib/armv7-m\libcr_c.a(_frexpl.o)
 .ARM.attributes
                0x00000495       0x33 c:/nxp/lpcxpresso_6.0.4_159/lpcxpresso/tools/bin/../lib/gcc/arm-none-eabi/4.6.2/../../../../arm-none-eabi/lib/armv7-m\libcr_c.a(_ldexpl.o)
 .ARM.attributes
                0x000004c8       0x33 c:/nxp/lpcxpresso_6.0.4_159/lpcxpresso/tools/bin/../lib/gcc/arm-none-eabi/4.6.2/../../../../arm-none-eabi/lib/armv7-m\libcr_c.a(_writebuf.o)
 .ARM.attributes
                0x000004fb       0x33 c:/nxp/lpcxpresso_6.0.4_159/lpcxpresso/tools/bin/../lib/gcc/arm-none-eabi/4.6.2/../../../../arm-none-eabi/lib/armv7-m\libcr_c.a(alloc.o)
 .ARM.attributes
                0x0000052e       0x33 c:/nxp/lpcxpresso_6.0.4_159/lpcxpresso/tools/bin/../lib/gcc/arm-none-eabi/4.6.2/../../../../arm-none-eabi/lib/armv7-m\libcr_c.a(errno.o)
 .ARM.attributes
                0x00000561       0x33 c:/nxp/lpcxpresso_6.0.4_159/lpcxpresso/tools/bin/../lib/gcc/arm-none-eabi/4.6.2/../../../../arm-none-eabi/lib/armv7-m\libcr_c.a(fclose.o)
 .ARM.attributes
                0x00000594       0x33 c:/nxp/lpcxpresso_6.0.4_159/lpcxpresso/tools/bin/../lib/gcc/arm-none-eabi/4.6.2/../../../../arm-none-eabi/lib/armv7-m\libcr_c.a(fflush.o)
 .ARM.attributes
                0x000005c7       0x33 c:/nxp/lpcxpresso_6.0.4_159/lpcxpresso/tools/bin/../lib/gcc/arm-none-eabi/4.6.2/../../../../arm-none-eabi/lib/armv7-m\libcr_c.a(fseek.o)
 .ARM.attributes
                0x000005fa       0x33 c:/nxp/lpcxpresso_6.0.4_159/lpcxpresso/tools/bin/../lib/gcc/arm-none-eabi/4.6.2/../../../../arm-none-eabi/lib/armv7-m\libcr_c.a(ftell.o)
 .ARM.attributes
                0x0000062d       0x33 c:/nxp/lpcxpresso_6.0.4_159/lpcxpresso/tools/bin/../lib/gcc/arm-none-eabi/4.6.2/../../../../arm-none-eabi/lib/armv7-m\libcr_c.a(remove.o)
 .ARM.attributes
                0x00000660       0x33 c:/nxp/lpcxpresso_6.0.4_159/lpcxpresso/tools/bin/../lib/gcc/arm-none-eabi/4.6.2/../../../../arm-none-eabi/lib/armv7-m\libcr_c.a(memcpy.o)
 .ARM.attributes
                0x00000693       0x33 c:/nxp/lpcxpresso_6.0.4_159/lpcxpresso/tools/bin/../lib/gcc/arm-none-eabi/4.6.2/../../../../arm-none-eabi/lib/armv7-m\libcr_c.a(__init_alloc.o)
 .ARM.attributes
                0x000006c6       0x33 c:/nxp/lpcxpresso_6.0.4_159/lpcxpresso/tools/bin/../lib/gcc/arm-none-eabi/4.6.2/../../../../arm-none-eabi/lib/armv7-m\libcr_c.a(_do_fflush.o)
 .ARM.attributes
                0x000006f9       0x33 c:/nxp/lpcxpresso_6.0.4_159/lpcxpresso/tools/bin/../lib/gcc/arm-none-eabi/4.6.2/../../../../arm-none-eabi/lib/armv7-m\libcr_c.a(_hugeval.o)
 .ARM.attributes
                0x0000072c       0x33 c:/nxp/lpcxpresso_6.0.4_159/lpcxpresso/tools/bin/../lib/gcc/arm-none-eabi/4.6.2/armv7-m\libcr_eabihelpers.a(double.o)
 .ARM.attributes
                0x0000075f       0x21 c:/nxp/lpcxpresso_6.0.4_159/lpcxpresso/tools/bin/../lib/gcc/arm-none-eabi/4.6.2/armv7-m\libcr_eabihelpers.a(memcpy.o)
 .ARM.attributes
                0x00000780       0x21 c:/nxp/lpcxpresso_6.0.4_159/lpcxpresso/tools/bin/../lib/gcc/arm-none-eabi/4.6.2/../../../../arm-none-eabi/lib/armv7-m\libcr_semihost.a(__sys_appexit.o)
 .ARM.attributes
                0x000007a1       0x21 c:/nxp/lpcxpresso_6.0.4_159/lpcxpresso/tools/bin/../lib/gcc/arm-none-eabi/4.6.2/../../../../arm-none-eabi/lib/armv7-m\libcr_semihost.a(__sys_close.o)
 .ARM.attributes
                0x000007c2       0x21 c:/nxp/lpcxpresso_6.0.4_159/lpcxpresso/tools/bin/../lib/gcc/arm-none-eabi/4.6.2/../../../../arm-none-eabi/lib/armv7-m\libcr_semihost.a(__sys_flen.o)
 .ARM.attributes
                0x000007e3       0x21 c:/nxp/lpcxpresso_6.0.4_159/lpcxpresso/tools/bin/../lib/gcc/arm-none-eabi/4.6.2/../../../../arm-none-eabi/lib/armv7-m\libcr_semihost.a(__sys_istty.o)
 .ARM.attributes
                0x00000804       0x21 c:/nxp/lpcxpresso_6.0.4_159/lpcxpresso/tools/bin/../lib/gcc/arm-none-eabi/4.6.2/../../../../arm-none-eabi/lib/armv7-m\libcr_semihost.a(__sys_read.o)
 .ARM.attributes
                0x00000825       0x21 c:/nxp/lpcxpresso_6.0.4_159/lpcxpresso/tools/bin/../lib/gcc/arm-none-eabi/4.6.2/../../../../arm-none-eabi/lib/armv7-m\libcr_semihost.a(__sys_readc.o)
 .ARM.attributes
                0x00000846       0x21 c:/nxp/lpcxpresso_6.0.4_159/lpcxpresso/tools/bin/../lib/gcc/arm-none-eabi/4.6.2/../../../../arm-none-eabi/lib/armv7-m\libcr_semihost.a(__sys_remove.o)
 .ARM.attributes
                0x00000867       0x21 c:/nxp/lpcxpresso_6.0.4_159/lpcxpresso/tools/bin/../lib/gcc/arm-none-eabi/4.6.2/../../../../arm-none-eabi/lib/armv7-m\libcr_semihost.a(__sys_rename.o)
 .ARM.attributes
                0x00000888       0x21 c:/nxp/lpcxpresso_6.0.4_159/lpcxpresso/tools/bin/../lib/gcc/arm-none-eabi/4.6.2/../../../../arm-none-eabi/lib/armv7-m\libcr_semihost.a(__sys_seek.o)
 .ARM.attributes
                0x000008a9       0x21 c:/nxp/lpcxpresso_6.0.4_159/lpcxpresso/tools/bin/../lib/gcc/arm-none-eabi/4.6.2/../../../../arm-none-eabi/lib/armv7-m\libcr_semihost.a(__sys_tmpnam.o)
 .ARM.attributes
                0x000008ca       0x21 c:/nxp/lpcxpresso_6.0.4_159/lpcxpresso/tools/bin/../lib/gcc/arm-none-eabi/4.6.2/../../../../arm-none-eabi/lib/armv7-m\libcr_semihost.a(__sys_write.o)
 .ARM.attributes
                0x000008eb       0x33 c:/nxp/lpcxpresso_6.0.4_159/lpcxpresso/tools/bin/../lib/gcc/arm-none-eabi/4.6.2/../../../../arm-none-eabi/lib/armv7-m\libcr_semihost.a(_cr_sbrk.o)
 .ARM.attributes
                0x0000091e       0x33 c:/nxp/lpcxpresso_6.0.4_159/lpcxpresso/tools/bin/../lib/gcc/arm-none-eabi/4.6.2/../../../../arm-none-eabi/lib/armv7-m\libcr_semihost.a(_cr_check_heap.o)

.debug_frame    0x00000000      0x880
 .debug_frame   0x00000000       0xc8 ./src/cr_startup_lpc13.o
 .debug_frame   0x000000c8       0x58 ./src/driveUART.o
 .debug_frame   0x00000120       0xbc ./src/main.o
 .debug_frame   0x000001dc      0x1c8 D:\Dropbox\Embarcados\2-13\Lib_EaBaseBoard\Debug\libLib_EaBaseBoard.a(light.o)
 .debug_frame   0x000003a4      0x1ec D:\Dropbox\Embarcados\2-13\Lib_EaBaseBoard\Debug\libLib_EaBaseBoard.a(oled.o)
 .debug_frame   0x00000590      0x128 D:\Dropbox\Embarcados\2-13\Lib_MCU\Debug\libLib_MCU.a(gpio.o)
 .debug_frame   0x000006b8       0xf8 D:\Dropbox\Embarcados\2-13\Lib_MCU\Debug\libLib_MCU.a(i2c.o)
 .debug_frame   0x000007b0       0xa0 D:\Dropbox\Embarcados\2-13\Lib_MCU\Debug\libLib_MCU.a(ssp.o)
 .debug_frame   0x00000850       0x30 D:\Dropbox\Embarcados\2-13\Lib_CMSISv1p30_LPC13xx\Debug\libLib_CMSISv1p30_LPC13xx.a(system_LPC13xx.o)
