Archive member included because of file (symbol)

C:\Users\Murilo\Documents\LPCXpresso_6.0.4_159\workspace\Lib_EaBaseBoard\Debug\libLib_EaBaseBoard.a(light.o)
                              ./src/main.o (light_enable)
C:\Users\Murilo\Documents\LPCXpresso_6.0.4_159\workspace\Lib_EaBaseBoard\Debug\libLib_EaBaseBoard.a(oled.o)
                              ./src/main.o (oled_init)
C:\Users\Murilo\Documents\LPCXpresso_6.0.4_159\workspace\Lib_EaBaseBoard\Debug\libLib_EaBaseBoard.a(font5x7.o)
                              C:\Users\Murilo\Documents\LPCXpresso_6.0.4_159\workspace\Lib_EaBaseBoard\Debug\libLib_EaBaseBoard.a(oled.o) (font5x7)
C:\Users\Murilo\Documents\LPCXpresso_6.0.4_159\workspace\Lib_MCU\Debug\libLib_MCU.a(gpio.o)
                              ./src/main.o (GPIOInit)
C:\Users\Murilo\Documents\LPCXpresso_6.0.4_159\workspace\Lib_MCU\Debug\libLib_MCU.a(i2c.o)
                              ./src/main.o (I2CInit)
C:\Users\Murilo\Documents\LPCXpresso_6.0.4_159\workspace\Lib_MCU\Debug\libLib_MCU.a(ssp.o)
                              ./src/main.o (SSPInit)
C:\Users\Murilo\Documents\LPCXpresso_6.0.4_159\workspace\Lib_CMSISv1p30_LPC13xx\Debug\libLib_CMSISv1p30_LPC13xx.a(system_LPC13xx.o)
                              ./src/cr_startup_lpc13.o (SystemInit)
c:/nxp/lpcxpresso_6.0.4_159/lpcxpresso/tools/bin/../lib/gcc/arm-none-eabi/4.6.2/../../../../arm-none-eabi/lib/armv7-m\libcr_semihost.a(_cr__main.o)
                              ./src/cr_startup_lpc13.o (__main)
c:/nxp/lpcxpresso_6.0.4_159/lpcxpresso/tools/bin/../lib/gcc/arm-none-eabi/4.6.2/../../../../arm-none-eabi/lib/armv7-m\libcr_c.a(memset.o)
                              C:\Users\Murilo\Documents\LPCXpresso_6.0.4_159\workspace\Lib_EaBaseBoard\Debug\libLib_EaBaseBoard.a(oled.o) (memset)
c:/nxp/lpcxpresso_6.0.4_159/lpcxpresso/tools/bin/../lib/gcc/arm-none-eabi/4.6.2/../../../../arm-none-eabi/lib/armv7-m\libcr_c.a(fpprintf.o)
                              ./src/main.o (sprintf)
c:/nxp/lpcxpresso_6.0.4_159/lpcxpresso/tools/bin/../lib/gcc/arm-none-eabi/4.6.2/../../../../arm-none-eabi/lib/armv7-m\libcr_c.a(initio.o)
                              c:/nxp/lpcxpresso_6.0.4_159/lpcxpresso/tools/bin/../lib/gcc/arm-none-eabi/4.6.2/../../../../arm-none-eabi/lib/armv7-m\libcr_semihost.a(_cr__main.o) (_initio)
c:/nxp/lpcxpresso_6.0.4_159/lpcxpresso/tools/bin/../lib/gcc/arm-none-eabi/4.6.2/../../../../arm-none-eabi/lib/armv7-m\libcr_c.a(printf.o)
                              c:/nxp/lpcxpresso_6.0.4_159/lpcxpresso/tools/bin/../lib/gcc/arm-none-eabi/4.6.2/../../../../arm-none-eabi/lib/armv7-m\libcr_c.a(fpprintf.o) (__vfprintf)
c:/nxp/lpcxpresso_6.0.4_159/lpcxpresso/tools/bin/../lib/gcc/arm-none-eabi/4.6.2/../../../../arm-none-eabi/lib/armv7-m\libcr_c.a(setvbuf.o)
                              c:/nxp/lpcxpresso_6.0.4_159/lpcxpresso/tools/bin/../lib/gcc/arm-none-eabi/4.6.2/../../../../arm-none-eabi/lib/armv7-m\libcr_c.a(initio.o) (setvbuf)
c:/nxp/lpcxpresso_6.0.4_159/lpcxpresso/tools/bin/../lib/gcc/arm-none-eabi/4.6.2/../../../../arm-none-eabi/lib/armv7-m\libcr_c.a(stdio.o)
                              c:/nxp/lpcxpresso_6.0.4_159/lpcxpresso/tools/bin/../lib/gcc/arm-none-eabi/4.6.2/../../../../arm-none-eabi/lib/armv7-m\libcr_c.a(fpprintf.o) (__Ciob)
c:/nxp/lpcxpresso_6.0.4_159/lpcxpresso/tools/bin/../lib/gcc/arm-none-eabi/4.6.2/../../../../arm-none-eabi/lib/armv7-m\libcr_c.a(strlen.o)
                              c:/nxp/lpcxpresso_6.0.4_159/lpcxpresso/tools/bin/../lib/gcc/arm-none-eabi/4.6.2/../../../../arm-none-eabi/lib/armv7-m\libcr_c.a(printf.o) (strlen)
c:/nxp/lpcxpresso_6.0.4_159/lpcxpresso/tools/bin/../lib/gcc/arm-none-eabi/4.6.2/../../../../arm-none-eabi/lib/armv7-m\libcr_c.a(__fillbuf.o)
                              c:/nxp/lpcxpresso_6.0.4_159/lpcxpresso/tools/bin/../lib/gcc/arm-none-eabi/4.6.2/../../../../arm-none-eabi/lib/armv7-m\libcr_c.a(stdio.o) (__filbuf)
c:/nxp/lpcxpresso_6.0.4_159/lpcxpresso/tools/bin/../lib/gcc/arm-none-eabi/4.6.2/../../../../arm-none-eabi/lib/armv7-m\libcr_c.a(_deferredlazyseek.o)
                              c:/nxp/lpcxpresso_6.0.4_159/lpcxpresso/tools/bin/../lib/gcc/arm-none-eabi/4.6.2/../../../../arm-none-eabi/lib/armv7-m\libcr_c.a(__fillbuf.o) (_deferredlazyseek)
c:/nxp/lpcxpresso_6.0.4_159/lpcxpresso/tools/bin/../lib/gcc/arm-none-eabi/4.6.2/../../../../arm-none-eabi/lib/armv7-m\libcr_c.a(_fdopen.o)
                              c:/nxp/lpcxpresso_6.0.4_159/lpcxpresso/tools/bin/../lib/gcc/arm-none-eabi/4.6.2/../../../../arm-none-eabi/lib/armv7-m\libcr_c.a(initio.o) (_fdopen)
c:/nxp/lpcxpresso_6.0.4_159/lpcxpresso/tools/bin/../lib/gcc/arm-none-eabi/4.6.2/../../../../arm-none-eabi/lib/armv7-m\libcr_c.a(_fflush.o)
                              c:/nxp/lpcxpresso_6.0.4_159/lpcxpresso/tools/bin/../lib/gcc/arm-none-eabi/4.6.2/../../../../arm-none-eabi/lib/armv7-m\libcr_c.a(__fillbuf.o) (_fflush)
[...]
Memory Configuration

Name             Origin             Length             Attributes
MFlash32         0x00000000         0x00008000         xr
RamLoc8          0x10000000         0x00002000         xrw
*default*        0x00000000         0xffffffff

Linker script and memory map

LOAD ./src/cr_startup_lpc13.o
LOAD ./src/driveUART.o
LOAD ./src/main.o
LOAD C:\Users\Murilo\Documents\LPCXpresso_6.0.4_159\workspace\Lib_EaBaseBoard\Debug\libLib_EaBaseBoard.a
LOAD C:\Users\Murilo\Documents\LPCXpresso_6.0.4_159\workspace\Lib_MCU\Debug\libLib_MCU.a
LOAD C:\Users\Murilo\Documents\LPCXpresso_6.0.4_159\workspace\Lib_CMSISv1p30_LPC13xx\Debug\libLib_CMSISv1p30_LPC13xx.a
START GROUP
LOAD c:/nxp/lpcxpresso_6.0.4_159/lpcxpresso/tools/bin/../lib/gcc/arm-none-eabi/4.6.2/../../../../arm-none-eabi/lib/armv7-m\libcr_semihost.a
LOAD c:/nxp/lpcxpresso_6.0.4_159/lpcxpresso/tools/bin/../lib/gcc/arm-none-eabi/4.6.2/../../../../arm-none-eabi/lib/armv7-m\libcr_c.a
LOAD c:/nxp/lpcxpresso_6.0.4_159/lpcxpresso/tools/bin/../lib/gcc/arm-none-eabi/4.6.2/armv7-m\libcr_eabihelpers.a
END GROUP
                0x00008000                __top_MFlash32 = 0x8000
                0x10002000                __top_RamLoc8 = 0x10002000

.text           0x00000000     0x4a80
 FILL mask 0xff
                0x00000000                __vectors_start__ = ABSOLUTE (.)
 *(.isr_vector)
 .isr_vector    0x00000000      0x124 ./src/cr_startup_lpc13.o
                0x00000000                g_pfnVectors
                0x00000124                . = ALIGN (0x4)
                0x00000124                __section_table_start = .
                0x00000124                __data_section_table = .
                0x00000124        0x4 LONG 0x4a80 LOADADDR (.data)
                0x00000128        0x4 LONG 0x10000000 ADDR (.data)
                0x0000012c        0x4 LONG 0xc SIZEOF (.data)
                0x00000130                __data_section_table_end = .
                0x00000130                __bss_section_table = .
                0x00000130        0x4 LONG 0x1000000c ADDR (.bss)
                0x00000134        0x4 LONG 0x514 SIZEOF (.bss)
                0x00000138                __bss_section_table_end = .
                0x00000138                __section_table_end = .
 *(.after_vectors*)
 *(.text*)
 .text.NMI_Handler
                0x00000138        0x4 ./src/cr_startup_lpc13.o
                0x00000138                NMI_Handler
 .text.HardFault_Handler
                0x0000013c        0x4 ./src/cr_startup_lpc13.o
                0x0000013c                HardFault_Handler
 .text.MemManage_Handler
                0x00000140        0x4 ./src/cr_startup_lpc13.o
                0x00000140                MemManage_Handler
 .text.BusFault_Handler
                0x00000144        0x4 ./src/cr_startup_lpc13.o
                0x00000144                BusFault_Handler
 .text.UsageFault_Handler
                0x00000148        0x4 ./src/cr_startup_lpc13.o
                0x00000148                UsageFault_Handler
 .text.SVCall_Handler
                0x0000014c        0x4 ./src/cr_startup_lpc13.o
                0x0000014c                SVCall_Handler
 .text.DebugMon_Handler
                0x00000150        0x4 ./src/cr_startup_lpc13.o
                0x00000150                DebugMon_Handler
 .text.PendSV_Handler
                0x00000154        0x4 ./src/cr_startup_lpc13.o
                0x00000154                PendSV_Handler
 .text.SysTick_Handler
                0x00000158        0x4 ./src/cr_startup_lpc13.o
                0x00000158                SysTick_Handler
 .text.ResetISR
                0x0000015c       0x5c ./src/cr_startup_lpc13.o
                0x0000015c                ResetISR
 .text.IntDefaultHandler
                0x000001b8        0x4 ./src/cr_startup_lpc13.o
                0x000001b8                TIMER16_0_IRQHandler
                0x000001b8                TIMER32_0_IRQHandler
                0x000001b8                TIMER32_1_IRQHandler
                0x000001b8                IntDefaultHandler
                0x000001b8                PIOINT1_IRQHandler
                0x000001b8                TIMER16_1_IRQHandler
                0x000001b8                USB_FIQHandler
                0x000001b8                ADC_IRQHandler
                0x000001b8                PIOINT2_IRQHandler
                0x000001b8                USB_IRQHandler
                0x000001b8                BOD_IRQHandler
                0x000001b8                WAKEUP_IRQHandler
                0x000001b8                PIOINT0_IRQHandler
                0x000001b8                WDT_IRQHandler
                0x000001b8                PIOINT3_IRQHandler
                0x000001b8                FMC_IRQHandler
 .text.setBaudrate
                0x000001bc      0x10c ./src/driveUART.o
                0x000001bc                setBaudrate
 .text.init_uart
                0x000002c8       0x28 ./src/driveUART.o
                0x000002c8                init_uart
 .text.UART_IRQHandler
                0x000002f0       0x5c ./src/driveUART.o
                0x000002f0                UART_IRQHandler
 .text.setCaracterSaida
                0x0000034c       0x50 ./src/main.o
                0x0000034c                setCaracterSaida
 .text.trocaCaracter
                0x0000039c       0x20 ./src/main.o
                0x0000039c                trocaCaracter
 .text.enviarCaracter
                0x000003bc       0x44 ./src/main.o
                0x000003bc                enviarCaracter
 .text.getCaracterEntrada
                0x00000400       0x4c ./src/main.o
                0x00000400                getCaracterEntrada
 .text.setCaracterEntrada
                0x0000044c       0x6c ./src/main.o
                0x0000044c                setCaracterEntrada
 .text.atualizarTela
                0x000004b8      0x184 ./src/main.o
                0x000004b8                atualizarTela
 .text.tratarCaracter
                0x0000063c       0x38 ./src/main.o
                0x0000063c                tratarCaracter
 .text.main     0x00000674       0x3c ./src/main.o
                0x00000674                main
 .text.readControlReg
                0x000006b0       0x3c C:\Users\Murilo\Documents\LPCXpresso_6.0.4_159\workspace\Lib_EaBaseBoard\Debug\libLib_EaBaseBoard.a(light.o)
 .text.light_enable
                0x000006ec       0x48 C:\Users\Murilo\Documents\LPCXpresso_6.0.4_159\workspace\Lib_EaBaseBoard\Debug\libLib_EaBaseBoard.a(light.o)
                0x000006ec                light_enable
 .text.light_setRange
                0x00000734       0xac C:\Users\Murilo\Documents\LPCXpresso_6.0.4_159\workspace\Lib_EaBaseBoard\Debug\libLib_EaBaseBoard.a(light.o)
                0x00000734                light_setRange
 .text.writeCommand
                0x000007e0       0x50 C:\Users\Murilo\Documents\LPCXpresso_6.0.4_159\workspace\Lib_EaBaseBoard\Debug\libLib_EaBaseBoard.a(oled.o)
 .text.writeData
                0x00000830       0x50 C:\Users\Murilo\Documents\LPCXpresso_6.0.4_159\workspace\Lib_EaBaseBoard\Debug\libLib_EaBaseBoard.a(oled.o)
 .text.writeDataLen
                0x00000880       0x80 C:\Users\Murilo\Documents\LPCXpresso_6.0.4_159\workspace\Lib_EaBaseBoard\Debug\libLib_EaBaseBoard.a(oled.o)
 .text.runInitSequence
                0x00000900      0x118 C:\Users\Murilo\Documents\LPCXpresso_6.0.4_159\workspace\Lib_EaBaseBoard\Debug\libLib_EaBaseBoard.a(oled.o)
 .text.oled_init
                0x00000a18       0xb8 C:\Users\Murilo\Documents\LPCXpresso_6.0.4_159\workspace\Lib_EaBaseBoard\Debug\libLib_EaBaseBoard.a(oled.o)
                0x00000a18                oled_init
 .text.oled_putPixel
                0x00000ad0      0x188 C:\Users\Murilo\Documents\LPCXpresso_6.0.4_159\workspace\Lib_EaBaseBoard\Debug\libLib_EaBaseBoard.a(oled.o)
                0x00000ad0                oled_putPixel
 .text.oled_clearScreen
                0x00000c58       0x74 C:\Users\Murilo\Documents\LPCXpresso_6.0.4_159\workspace\Lib_EaBaseBoard\Debug\libLib_EaBaseBoard.a(oled.o)
                0x00000c58                oled_clearScreen
 .text.oled_putChar
                0x00000ccc       0xf0 C:\Users\Murilo\Documents\LPCXpresso_6.0.4_159\workspace\Lib_EaBaseBoard\Debug\libLib_EaBaseBoard.a(oled.o)
                0x00000ccc                oled_putChar
 .text.oled_putString
                0x00000dbc       0x54 C:\Users\Murilo\Documents\LPCXpresso_6.0.4_159\workspace\Lib_EaBaseBoard\Debug\libLib_EaBaseBoard.a(oled.o)
                0x00000dbc                oled_putString
 .text.NVIC_EnableIRQ
                0x00000e10       0x38 C:\Users\Murilo\Documents\LPCXpresso_6.0.4_159\workspace\Lib_MCU\Debug\libLib_MCU.a(gpio.o)
 .text.GPIOInit
                0x00000e48       0xb8 C:\Users\Murilo\Documents\LPCXpresso_6.0.4_159\workspace\Lib_MCU\Debug\libLib_MCU.a(gpio.o)
                0x00000e48                GPIOInit
 .text.GPIOSetDir
                0x00000f00      0x2d8 C:\Users\Murilo\Documents\LPCXpresso_6.0.4_159\workspace\Lib_MCU\Debug\libLib_MCU.a(gpio.o)
                0x00000f00                GPIOSetDir
 .text.GPIOSetValue
                0x000011d8      0x1ec C:\Users\Murilo\Documents\LPCXpresso_6.0.4_159\workspace\Lib_MCU\Debug\libLib_MCU.a(gpio.o)
                0x000011d8                GPIOSetValue
 .text.NVIC_EnableIRQ
                0x000013c4       0x38 C:\Users\Murilo\Documents\LPCXpresso_6.0.4_159\workspace\Lib_MCU\Debug\libLib_MCU.a(i2c.o)
 .text.I2C_IRQHandler
                0x000013fc      0x408 C:\Users\Murilo\Documents\LPCXpresso_6.0.4_159\workspace\Lib_MCU\Debug\libLib_MCU.a(i2c.o)
                0x000013fc                I2C_IRQHandler
 .text.I2CStart
                0x00001804       0x60 C:\Users\Murilo\Documents\LPCXpresso_6.0.4_159\workspace\Lib_MCU\Debug\libLib_MCU.a(i2c.o)
                0x00001804                I2CStart
 .text.I2CStop  0x00001864       0x34 C:\Users\Murilo\Documents\LPCXpresso_6.0.4_159\workspace\Lib_MCU\Debug\libLib_MCU.a(i2c.o)
                0x00001864                I2CStop
 .text.I2CInit  0x00001898       0xec C:\Users\Murilo\Documents\LPCXpresso_6.0.4_159\workspace\Lib_MCU\Debug\libLib_MCU.a(i2c.o)
                0x00001898                I2CInit
 .text.I2CEngine
                0x00001984       0x60 C:\Users\Murilo\Documents\LPCXpresso_6.0.4_159\workspace\Lib_MCU\Debug\libLib_MCU.a(i2c.o)
                0x00001984                I2CEngine
 .text.I2CRead  0x000019e4       0x68 C:\Users\Murilo\Documents\LPCXpresso_6.0.4_159\workspace\Lib_MCU\Debug\libLib_MCU.a(i2c.o)
                0x000019e4                I2CRead
 .text.I2CWrite
                0x00001a4c       0x60 C:\Users\Murilo\Documents\LPCXpresso_6.0.4_159\workspace\Lib_MCU\Debug\libLib_MCU.a(i2c.o)
                0x00001a4c                I2CWrite
 .text.NVIC_EnableIRQ
                0x00001aac       0x38 C:\Users\Murilo\Documents\LPCXpresso_6.0.4_159\workspace\Lib_MCU\Debug\libLib_MCU.a(ssp.o)
 .text.SSP_IRQHandler
                0x00001ae4       0xa0 C:\Users\Murilo\Documents\LPCXpresso_6.0.4_159\workspace\Lib_MCU\Debug\libLib_MCU.a(ssp.o)
                0x00001ae4                SSP_IRQHandler
 .text.SSPInit  0x00001b84      0x16c C:\Users\Murilo\Documents\LPCXpresso_6.0.4_159\workspace\Lib_MCU\Debug\libLib_MCU.a(ssp.o)
                0x00001b84                SSPInit
 .text.SSPSend  0x00001cf0       0x78 C:\Users\Murilo\Documents\LPCXpresso_6.0.4_159\workspace\Lib_MCU\Debug\libLib_MCU.a(ssp.o)
                0x00001cf0                SSPSend
 .text.SystemInit
                0x00001d68      0x124 C:\Users\Murilo\Documents\LPCXpresso_6.0.4_159\workspace\Lib_CMSISv1p30_LPC13xx\Debug\libLib_CMSISv1p30_LPC13xx.a(system_LPC13xx.o)
                0x00001d68                SystemInit
 .text.__main   0x00001e8c       0x14 c:/nxp/lpcxpresso_6.0.4_159/lpcxpresso/tools/bin/../lib/gcc/arm-none-eabi/4.6.2/../../../../arm-none-eabi/lib/armv7-m\libcr_semihost.a(_cr__main.o)
                0x00001e8c                __CR_SEMIHOST
                0x00001e8c                __main
 .text.memset   0x00001ea0        0x4 c:/nxp/lpcxpresso_6.0.4_159/lpcxpresso/tools/bin/../lib/gcc/arm-none-eabi/4.6.2/../../../../arm-none-eabi/lib/armv7-m\libcr_c.a(memset.o)
                0x00001ea0                memset
 .text.lose_trailing_zeros
                0x00001ea4       0x1e c:/nxp/lpcxpresso_6.0.4_159/lpcxpresso/tools/bin/../lib/gcc/arm-none-eabi/4.6.2/../../../../arm-none-eabi/lib/armv7-m\libcr_c.a(fpprintf.o)
 .text.fp_round
                0x00001ec2       0x54 c:/nxp/lpcxpresso_6.0.4_159/lpcxpresso/tools/bin/../lib/gcc/arm-none-eabi/4.6.2/../../../../arm-none-eabi/lib/armv7-m\libcr_c.a(fpprintf.o)
 .text.pr_dec.constprop.1
                0x00001f16       0x22 c:/nxp/lpcxpresso_6.0.4_159/lpcxpresso/tools/bin/../lib/gcc/arm-none-eabi/4.6.2/../../../../arm-none-eabi/lib/armv7-m\libcr_c.a(fpprintf.o)
 .text.sprintf  0x00001f38       0x70 c:/nxp/lpcxpresso_6.0.4_159/lpcxpresso/tools/bin/../lib/gcc/arm-none-eabi/4.6.2/../../../../arm-none-eabi/lib/armv7-m\libcr_c.a(fpprintf.o)
                0x00001f38                sprintf
 .text.fp_display
                0x00001fa8      0x908 c:/nxp/lpcxpresso_6.0.4_159/lpcxpresso/tools/bin/../lib/gcc/arm-none-eabi/4.6.2/../../../../arm-none-eabi/lib/armv7-m\libcr_c.a(fpprintf.o)
 .text._initio  0x000028b0       0x9c c:/nxp/lpcxpresso_6.0.4_159/lpcxpresso/tools/bin/../lib/gcc/arm-none-eabi/4.6.2/../../../../arm-none-eabi/lib/armv7-m\libcr_c.a(initio.o)
                0x000028b0                _initio
 .text.__vfprintf
                0x0000294c      0xd54 c:/nxp/lpcxpresso_6.0.4_159/lpcxpresso/tools/bin/../lib/gcc/arm-none-eabi/4.6.2/../../../../arm-none-eabi/lib/armv7-m\libcr_c.a(printf.o)
                0x0000294c                __vfprintf
 .text.setvbuf  0x000036a0       0x48 c:/nxp/lpcxpresso_6.0.4_159/lpcxpresso/tools/bin/../lib/gcc/arm-none-eabi/4.6.2/../../../../arm-none-eabi/lib/armv7-m\libcr_c.a(setvbuf.o)
                0x000036a0                setvbuf
 .text.strlen   0x000036e8       0x4c c:/nxp/lpcxpresso_6.0.4_159/lpcxpresso/tools/bin/../lib/gcc/arm-none-eabi/4.6.2/../../../../arm-none-eabi/lib/armv7-m\libcr_c.a(strlen.o)
                0x000036e8                strlen
 .text._deferredlazyseek
                0x00003734       0x44 c:/nxp/lpcxpresso_6.0.4_159/lpcxpresso/tools/bin/../lib/gcc/arm-none-eabi/4.6.2/../../../../arm-none-eabi/lib/armv7-m\libcr_c.a(_deferredlazyseek.o)
                0x00003734                _deferredlazyseek
 .text.__flsbuf
                0x00003778      0x14e c:/nxp/lpcxpresso_6.0.4_159/lpcxpresso/tools/bin/../lib/gcc/arm-none-eabi/4.6.2/../../../../arm-none-eabi/lib/armv7-m\libcr_c.a(_deferredlazyseek.o)
                0x00003778                __flsbuf
 .text._fdopen  0x000038c6       0x6c c:/nxp/lpcxpresso_6.0.4_159/lpcxpresso/tools/bin/../lib/gcc/arm-none-eabi/4.6.2/../../../../arm-none-eabi/lib/armv7-m\libcr_c.a(_fdopen.o)
                0x000038c6                _fdopen
 .text._fflush  0x00003932       0x58 c:/nxp/lpcxpresso_6.0.4_159/lpcxpresso/tools/bin/../lib/gcc/arm-none-eabi/4.6.2/../../../../arm-none-eabi/lib/armv7-m\libcr_c.a(_fflush.o)
                0x00003932                _fflush
 .text._frexpl  0x0000398a       0x60 c:/nxp/lpcxpresso_6.0.4_159/lpcxpresso/tools/bin/../lib/gcc/arm-none-eabi/4.6.2/../../../../arm-none-eabi/lib/armv7-m\libcr_c.a(_frexpl.o)
                0x0000398a                _frexpl
 *fill*         0x000039ea        0x2 00
 .text._ldexpl  0x000039ec       0x50 c:/nxp/lpcxpresso_6.0.4_159/lpcxpresso/tools/bin/../lib/gcc/arm-none-eabi/4.6.2/../../../../arm-none-eabi/lib/armv7-m\libcr_c.a(_ldexpl.o)
                0x000039ec                _ldexpl
 .text._Cwritebuf
                0x00003a3c       0x84 c:/nxp/lpcxpresso_6.0.4_159/lpcxpresso/tools/bin/../lib/gcc/arm-none-eabi/4.6.2/../../../../arm-none-eabi/lib/armv7-m\libcr_c.a(_writebuf.o)
                0x00003a3c                _Cwritebuf
 .text.malloc   0x00003ac0       0xbc c:/nxp/lpcxpresso_6.0.4_159/lpcxpresso/tools/bin/../lib/gcc/arm-none-eabi/4.6.2/../../../../arm-none-eabi/lib/armv7-m\libcr_c.a(alloc.o)
                0x00003ac0                malloc
 .text.free     0x00003b7c        0xc c:/nxp/lpcxpresso_6.0.4_159/lpcxpresso/tools/bin/../lib/gcc/arm-none-eabi/4.6.2/../../../../arm-none-eabi/lib/armv7-m\libcr_c.a(alloc.o)
                0x00003b7c                free
 .text._Csys_alloc
                0x00003b88       0x20 c:/nxp/lpcxpresso_6.0.4_159/lpcxpresso/tools/bin/../lib/gcc/arm-none-eabi/4.6.2/../../../../arm-none-eabi/lib/armv7-m\libcr_c.a(alloc.o)
                0x00003b88                _Csys_alloc
 .text.fclose   0x00003ba8       0x6c c:/nxp/lpcxpresso_6.0.4_159/lpcxpresso/tools/bin/../lib/gcc/arm-none-eabi/4.6.2/../../../../arm-none-eabi/lib/armv7-m\libcr_c.a(fclose.o)
                0x00003ba8                fclose
 .text.fflush   0x00003c14       0x34 c:/nxp/lpcxpresso_6.0.4_159/lpcxpresso/tools/bin/../lib/gcc/arm-none-eabi/4.6.2/../../../../arm-none-eabi/lib/armv7-m\libcr_c.a(fflush.o)
                0x00003c14                fflush
 .text.fseek    0x00003c48      0x104 c:/nxp/lpcxpresso_6.0.4_159/lpcxpresso/tools/bin/../lib/gcc/arm-none-eabi/4.6.2/../../../../arm-none-eabi/lib/armv7-m\libcr_c.a(fseek.o)
                0x00003c48                fseek
 .text.ftell    0x00003d4c       0x4c c:/nxp/lpcxpresso_6.0.4_159/lpcxpresso/tools/bin/../lib/gcc/arm-none-eabi/4.6.2/../../../../arm-none-eabi/lib/armv7-m\libcr_c.a(ftell.o)
                0x00003d4c                ftell
 .text.remove   0x00003d98       0x14 c:/nxp/lpcxpresso_6.0.4_159/lpcxpresso/tools/bin/../lib/gcc/arm-none-eabi/4.6.2/../../../../arm-none-eabi/lib/armv7-m\libcr_c.a(remove.o)
                0x00003d98                remove
 .text._do_fflush
                0x00003dac       0x42 c:/nxp/lpcxpresso_6.0.4_159/lpcxpresso/tools/bin/../lib/gcc/arm-none-eabi/4.6.2/../../../../arm-none-eabi/lib/armv7-m\libcr_c.a(_do_fflush.o)
                0x00003dac                _do_fflush
 *fill*         0x00003dee        0x2 00
 .text.__aeabi_dmul
                0x00003df0      0x138 c:/nxp/lpcxpresso_6.0.4_159/lpcxpresso/tools/bin/../lib/gcc/arm-none-eabi/4.6.2/armv7-m\libcr_eabihelpers.a(double.o)
                0x00003df0                __aeabi_dmul
 .text.__aeabi_ddiv
                0x00003f28      0x168 c:/nxp/lpcxpresso_6.0.4_159/lpcxpresso/tools/bin/../lib/gcc/arm-none-eabi/4.6.2/armv7-m\libcr_eabihelpers.a(double.o)
                0x00003f28                __aeabi_ddiv
 .text.__aeabi_dsub
                0x00004090      0x1f4 c:/nxp/lpcxpresso_6.0.4_159/lpcxpresso/tools/bin/../lib/gcc/arm-none-eabi/4.6.2/armv7-m\libcr_eabihelpers.a(double.o)
                0x00004090                __aeabi_dsub
 .text.__aeabi_dadd
                0x00004284      0x154 c:/nxp/lpcxpresso_6.0.4_159/lpcxpresso/tools/bin/../lib/gcc/arm-none-eabi/4.6.2/armv7-m\libcr_eabihelpers.a(double.o)
                0x00004284                __aeabi_dadd
 .text.__aeabi_d2iz
                0x000043d8       0x40 c:/nxp/lpcxpresso_6.0.4_159/lpcxpresso/tools/bin/../lib/gcc/arm-none-eabi/4.6.2/armv7-m\libcr_eabihelpers.a(double.o)
                0x000043d8                __aeabi_d2iz
 .text.__bhs_ui2d
                0x00004418       0x5c c:/nxp/lpcxpresso_6.0.4_159/lpcxpresso/tools/bin/../lib/gcc/arm-none-eabi/4.6.2/armv7-m\libcr_eabihelpers.a(double.o)
                0x00004418                __bhs_ui2d
 .text.__aeabi_i2d
                0x00004474       0x10 c:/nxp/lpcxpresso_6.0.4_159/lpcxpresso/tools/bin/../lib/gcc/arm-none-eabi/4.6.2/armv7-m\libcr_eabihelpers.a(double.o)
                0x00004474                __aeabi_i2d
 .text.__aeabi_dcmpeq
                0x00004484       0x3c c:/nxp/lpcxpresso_6.0.4_159/lpcxpresso/tools/bin/../lib/gcc/arm-none-eabi/4.6.2/armv7-m\libcr_eabihelpers.a(double.o)
                0x00004484                __aeabi_dcmpeq
 .text.__aeabi_dcmplt
                0x000044c0       0x5c c:/nxp/lpcxpresso_6.0.4_159/lpcxpresso/tools/bin/../lib/gcc/arm-none-eabi/4.6.2/armv7-m\libcr_eabihelpers.a(double.o)
                0x000044c0                __aeabi_dcmplt
 .text.__aeabi_dcmple
                0x0000451c       0x58 c:/nxp/lpcxpresso_6.0.4_159/lpcxpresso/tools/bin/../lib/gcc/arm-none-eabi/4.6.2/armv7-m\libcr_eabihelpers.a(double.o)
                0x0000451c                __aeabi_dcmple
 .text.__aeabi_dcmpge
                0x00004574       0x5c c:/nxp/lpcxpresso_6.0.4_159/lpcxpresso/tools/bin/../lib/gcc/arm-none-eabi/4.6.2/armv7-m\libcr_eabihelpers.a(double.o)
                0x00004574                __aeabi_dcmpge
 .text.__aeabi_memset_lowlevel
                0x000045d0       0x24 c:/nxp/lpcxpresso_6.0.4_159/lpcxpresso/tools/bin/../lib/gcc/arm-none-eabi/4.6.2/armv7-m\libcr_eabihelpers.a(memcpy.o)
                0x000045d0                __aeabi_lowlevel_memset
 .text.__sys_appexit
                0x000045f4        0xc c:/nxp/lpcxpresso_6.0.4_159/lpcxpresso/tools/bin/../lib/gcc/arm-none-eabi/4.6.2/../../../../arm-none-eabi/lib/armv7-m\libcr_semihost.a(__sys_appexit.o)
                0x000045f4                __sys_appexit
                0x000045f4                __exit
 .text.__sys_close
                0x00004600        0xc c:/nxp/lpcxpresso_6.0.4_159/lpcxpresso/tools/bin/../lib/gcc/arm-none-eabi/4.6.2/../../../../arm-none-eabi/lib/armv7-m\libcr_semihost.a(__sys_close.o)
                0x00004600                __sys_close
 .text.__sys_flen
                0x0000460c        0xc c:/nxp/lpcxpresso_6.0.4_159/lpcxpresso/tools/bin/../lib/gcc/arm-none-eabi/4.6.2/../../../../arm-none-eabi/lib/armv7-m\libcr_semihost.a(__sys_flen.o)
                0x0000460c                __sys_flen
 .text.__sys_istty
                0x00004618        0xc c:/nxp/lpcxpresso_6.0.4_159/lpcxpresso/tools/bin/../lib/gcc/arm-none-eabi/4.6.2/../../../../arm-none-eabi/lib/armv7-m\libcr_semihost.a(__sys_istty.o)
                0x00004618                __sys_istty
 .text.__sys_remove
                0x00004624        0xc c:/nxp/lpcxpresso_6.0.4_159/lpcxpresso/tools/bin/../lib/gcc/arm-none-eabi/4.6.2/../../../../arm-none-eabi/lib/armv7-m\libcr_semihost.a(__sys_remove.o)
                0x00004624                __sys_remove
 .text.__sys_seek
                0x00004630        0xc c:/nxp/lpcxpresso_6.0.4_159/lpcxpresso/tools/bin/../lib/gcc/arm-none-eabi/4.6.2/../../../../arm-none-eabi/lib/armv7-m\libcr_semihost.a(__sys_seek.o)
                0x00004630                __sys_seek
 .text.__sys_tmpnam
                0x0000463c        0xc c:/nxp/lpcxpresso_6.0.4_159/lpcxpresso/tools/bin/../lib/gcc/arm-none-eabi/4.6.2/../../../../arm-none-eabi/lib/armv7-m\libcr_semihost.a(__sys_tmpnam.o)
                0x0000463c                __sys_tmpnam
 .text.__sys_write
                0x00004648        0xc c:/nxp/lpcxpresso_6.0.4_159/lpcxpresso/tools/bin/../lib/gcc/arm-none-eabi/4.6.2/../../../../arm-none-eabi/lib/armv7-m\libcr_semihost.a(__sys_write.o)
                0x00004648                __sys_write
                0x00004648                __write
 .text._sbrk    0x00004654       0x40 c:/nxp/lpcxpresso_6.0.4_159/lpcxpresso/tools/bin/../lib/gcc/arm-none-eabi/4.6.2/../../../../arm-none-eabi/lib/armv7-m\libcr_semihost.a(_cr_sbrk.o)
                0x00004654                _sbrk
 .text.__check_heap_overflow
                0x00004694       0x2c c:/nxp/lpcxpresso_6.0.4_159/lpcxpresso/tools/bin/../lib/gcc/arm-none-eabi/4.6.2/../../../../arm-none-eabi/lib/armv7-m\libcr_semihost.a(_cr_check_heap.o)
                0x00004694                __check_heap_overflow
 *(.rodata .rodata.*)
 .rodata.str1.4
                0x000046c0       0x2c ./src/main.o
                                 0x38 (size before relaxing)
 .rodata        0x000046ec        0x8 C:\Users\Murilo\Documents\LPCXpresso_6.0.4_159\workspace\Lib_EaBaseBoard\Debug\libLib_EaBaseBoard.a(oled.o)
 .rodata        0x000046f4      0x300 C:\Users\Murilo\Documents\LPCXpresso_6.0.4_159\workspace\Lib_EaBaseBoard\Debug\libLib_EaBaseBoard.a(font5x7.o)
                0x000046f4                font5x7
 .rodata.str1.1
                0x000049f4       0x34 c:/nxp/lpcxpresso_6.0.4_159/lpcxpresso/tools/bin/../lib/gcc/arm-none-eabi/4.6.2/../../../../arm-none-eabi/lib/armv7-m\libcr_c.a(fpprintf.o)
                                 0x35 (size before relaxing)
 .rodata.str1.1
                0x00004a28        0x4 c:/nxp/lpcxpresso_6.0.4_159/lpcxpresso/tools/bin/../lib/gcc/arm-none-eabi/4.6.2/../../../../arm-none-eabi/lib/armv7-m\libcr_c.a(initio.o)
 .rodata.str1.1
                0x00004a2c       0x31 c:/nxp/lpcxpresso_6.0.4_159/lpcxpresso/tools/bin/../lib/gcc/arm-none-eabi/4.6.2/../../../../arm-none-eabi/lib/armv7-m\libcr_c.a(printf.o)
                                 0x38 (size before relaxing)
 .rodata.str1.1
                0x00004a5d       0x18 c:/nxp/lpcxpresso_6.0.4_159/lpcxpresso/tools/bin/../lib/gcc/arm-none-eabi/4.6.2/../../../../arm-none-eabi/lib/armv7-m\libcr_c.a(alloc.o)
 *fill*         0x00004a75        0x3 00
 .rodata.__huge_vall
                0x00004a78        0x8 c:/nxp/lpcxpresso_6.0.4_159/lpcxpresso/tools/bin/../lib/gcc/arm-none-eabi/4.6.2/../../../../arm-none-eabi/lib/armv7-m\libcr_c.a(_hugeval.o)
                0x00004a78                __huge_vall
                0x00004a80                . = ALIGN (0x4)

.glue_7         0x00004a80        0x0
 .glue_7        0x00000000        0x0 linker stubs

.glue_7t        0x00004a80        0x0
 .glue_7t       0x00000000        0x0 linker stubs

.vfp11_veneer   0x00004a80        0x0
 .vfp11_veneer  0x00000000        0x0 linker stubs

.v4_bx          0x00004a80        0x0
 .v4_bx         0x00000000        0x0 linker stubs

.ARM.extab
 *(.ARM.extab* .gnu.linkonce.armextab.*)
                0x00004a80                __exidx_start = .

.ARM.exidx
 *(.ARM.exidx* .gnu.linkonce.armexidx.*)
                0x00004a80                __exidx_end = .
                0x00004a80                _etext = .

.uninit_RESERVED
                0x10000000        0x0
 *(.bss.$RESERVED*)
                0x10000000                . = ALIGN (0x4)
                0x10000000                _end_uninit_RESERVED = .

.data           0x10000000        0xc load address 0x00004a80
 FILL mask 0xff
                0x10000000                _data = .
 *(vtable)
 *(.data*)
 .data          0x10000000        0x8 C:\Users\Murilo\Documents\LPCXpresso_6.0.4_159\workspace\Lib_EaBaseBoard\Debug\libLib_EaBaseBoard.a(light.o)
 .data          0x10000008        0x4 C:\Users\Murilo\Documents\LPCXpresso_6.0.4_159\workspace\Lib_CMSISv1p30_LPC13xx\Debug\libLib_CMSISv1p30_LPC13xx.a(system_LPC13xx.o)
                0x10000008                SystemCoreClock
                0x1000000c                . = ALIGN (0x4)
                0x1000000c                _edata = .

.bss            0x1000000c      0x514 load address 0x00004a8c
                0x1000000c                _bss = .
 *(.bss*)
 .bss           0x1000000c       0x1c ./src/main.o
                0x1000000c                contadorSaidas
                0x10000010                contadorEscritaBufferSaida
                0x10000014                contadorLeituraBufferSaida
                0x10000018                contadorEntradas
                0x1000001c                contadorLeituraBufferEntrada
                0x10000020                flagCaracterNaoLido
                0x10000024                contadorEscritaBufferEntrada
 .bss           0x10000028      0x300 C:\Users\Murilo\Documents\LPCXpresso_6.0.4_159\workspace\Lib_EaBaseBoard\Debug\libLib_EaBaseBoard.a(oled.o)
 .bss           0x10000328       0x10 C:\Users\Murilo\Documents\LPCXpresso_6.0.4_159\workspace\Lib_MCU\Debug\libLib_MCU.a(gpio.o)
 .bss           0x10000338       0x2c C:\Users\Murilo\Documents\LPCXpresso_6.0.4_159\workspace\Lib_MCU\Debug\libLib_MCU.a(i2c.o)
 .bss           0x10000364        0xc C:\Users\Murilo\Documents\LPCXpresso_6.0.4_159\workspace\Lib_MCU\Debug\libLib_MCU.a(ssp.o)
                0x10000364                interruptRxStat
                0x10000368                interruptOverRunStat
                0x1000036c                interruptRxTimeoutStat
 .bss.errno     0x10000370        0x4 c:/nxp/lpcxpresso_6.0.4_159/lpcxpresso/tools/bin/../lib/gcc/arm-none-eabi/4.6.2/../../../../arm-none-eabi/lib/armv7-m\libcr_c.a(errno.o)
                0x10000370                errno
 *(COMMON)
 COMMON         0x10000374       0x60 ./src/main.o
                0x10000374                bufferSaida
                0x100003b4                bufferEntrada
 COMMON         0x100003d4        0x4 c:/nxp/lpcxpresso_6.0.4_159/lpcxpresso/tools/bin/../lib/gcc/arm-none-eabi/4.6.2/../../../../arm-none-eabi/lib/armv7-m\libcr_c.a(initio.o)
                0x100003d4                _extra
 COMMON         0x100003d8      0x140 c:/nxp/lpcxpresso_6.0.4_159/lpcxpresso/tools/bin/../lib/gcc/arm-none-eabi/4.6.2/../../../../arm-none-eabi/lib/armv7-m\libcr_c.a(stdio.o)
                0x100003d8                __Ciob
 COMMON         0x10000518        0x8 c:/nxp/lpcxpresso_6.0.4_159/lpcxpresso/tools/bin/../lib/gcc/arm-none-eabi/4.6.2/../../../../arm-none-eabi/lib/armv7-m\libcr_c.a(__init_alloc.o)
                0x10000518                __heaps
                0x1000051c                __end_of_heap
                0x10000520                . = ALIGN (0x4)
                0x10000520                _ebss = .
                0x10000520                PROVIDE (end, .)

.noinit         0x10000520        0x0 load address 0x00004a8c
                0x10000520                _noinit = .
 *(.noinit*)
                0x10000520                . = ALIGN (0x4)
                0x10000520                _end_noinit = .
                0x10000520                PROVIDE (_pvHeapStart, .)
                0x10002000                PROVIDE (_vStackTop, (__top_RamLoc8 - 0x0))
OUTPUT(oled_periph.axf elf32-littlearm)

.debug_info     0x00000000     0x4d65
 .debug_info    0x00000000      0x204 ./src/cr_startup_lpc13.o
 .debug_info    0x00000204      0xd73 ./src/driveUART.o
 .debug_info    0x00000f77      0x5a9 ./src/main.o
 .debug_info    0x00001520      0x4a8 C:\Users\Murilo\Documents\LPCXpresso_6.0.4_159\workspace\Lib_EaBaseBoard\Debug\libLib_EaBaseBoard.a(light.o)
 .debug_info    0x000019c8      0x802 C:\Users\Murilo\Documents\LPCXpresso_6.0.4_159\workspace\Lib_EaBaseBoard\Debug\libLib_EaBaseBoard.a(oled.o)
 .debug_info    0x000021ca       0x65 C:\Users\Murilo\Documents\LPCXpresso_6.0.4_159\workspace\Lib_EaBaseBoard\Debug\libLib_EaBaseBoard.a(font5x7.o)
 .debug_info    0x0000222f      0xb96 C:\Users\Murilo\Documents\LPCXpresso_6.0.4_159\workspace\Lib_MCU\Debug\libLib_MCU.a(gpio.o)
 .debug_info    0x00002dc5      0xdb8 C:\Users\Murilo\Documents\LPCXpresso_6.0.4_159\workspace\Lib_MCU\Debug\libLib_MCU.a(i2c.o)
 .debug_info    0x00003b7d      0xc73 C:\Users\Murilo\Documents\LPCXpresso_6.0.4_159\workspace\Lib_MCU\Debug\libLib_MCU.a(ssp.o)
 .debug_info    0x000047f0      0x575 C:\Users\Murilo\Documents\LPCXpresso_6.0.4_159\workspace\Lib_CMSISv1p30_LPC13xx\Debug\libLib_CMSISv1p30_LPC13xx.a(system_LPC13xx.o)

.debug_abbrev   0x00000000      0xe23
 .debug_abbrev  0x00000000       0xc1 ./src/cr_startup_lpc13.o
 .debug_abbrev  0x000000c1      0x1f5 ./src/driveUART.o
 .debug_abbrev  0x000002b6      0x1e7 ./src/main.o
 .debug_abbrev  0x0000049d      0x161 C:\Users\Murilo\Documents\LPCXpresso_6.0.4_159\workspace\Lib_EaBaseBoard\Debug\libLib_EaBaseBoard.a(light.o)
 .debug_abbrev  0x000005fe      0x18f C:\Users\Murilo\Documents\LPCXpresso_6.0.4_159\workspace\Lib_EaBaseBoard\Debug\libLib_EaBaseBoard.a(oled.o)
 .debug_abbrev  0x0000078d       0x4b C:\Users\Murilo\Documents\LPCXpresso_6.0.4_159\workspace\Lib_EaBaseBoard\Debug\libLib_EaBaseBoard.a(font5x7.o)
 .debug_abbrev  0x000007d8      0x1e5 C:\Users\Murilo\Documents\LPCXpresso_6.0.4_159\workspace\Lib_MCU\Debug\libLib_MCU.a(gpio.o)
 .debug_abbrev  0x000009bd      0x1cc C:\Users\Murilo\Documents\LPCXpresso_6.0.4_159\workspace\Lib_MCU\Debug\libLib_MCU.a(i2c.o)
 .debug_abbrev  0x00000b89      0x19f C:\Users\Murilo\Documents\LPCXpresso_6.0.4_159\workspace\Lib_MCU\Debug\libLib_MCU.a(ssp.o)
 .debug_abbrev  0x00000d28       0xfb C:\Users\Murilo\Documents\LPCXpresso_6.0.4_159\workspace\Lib_CMSISv1p30_LPC13xx\Debug\libLib_CMSISv1p30_LPC13xx.a(system_LPC13xx.o)

.debug_loc      0x00000000      0xed7
 .debug_loc     0x00000000       0x33 ./src/cr_startup_lpc13.o
 .debug_loc     0x00000033       0xd5 ./src/driveUART.o
 .debug_loc     0x00000108      0x117 ./src/main.o
 .debug_loc     0x0000021f      0x304 C:\Users\Murilo\Documents\LPCXpresso_6.0.4_159\workspace\Lib_EaBaseBoard\Debug\libLib_EaBaseBoard.a(light.o)
 .debug_loc     0x00000523      0x33e C:\Users\Murilo\Documents\LPCXpresso_6.0.4_159\workspace\Lib_EaBaseBoard\Debug\libLib_EaBaseBoard.a(oled.o)
 .debug_loc     0x00000861      0x224 C:\Users\Murilo\Documents\LPCXpresso_6.0.4_159\workspace\Lib_MCU\Debug\libLib_MCU.a(gpio.o)
 .debug_loc     0x00000a85      0x1a8 C:\Users\Murilo\Documents\LPCXpresso_6.0.4_159\workspace\Lib_MCU\Debug\libLib_MCU.a(i2c.o)
 .debug_loc     0x00000c2d      0x118 C:\Users\Murilo\Documents\LPCXpresso_6.0.4_159\workspace\Lib_MCU\Debug\libLib_MCU.a(ssp.o)
 .debug_loc     0x00000d45      0x192 C:\Users\Murilo\Documents\LPCXpresso_6.0.4_159\workspace\Lib_CMSISv1p30_LPC13xx\Debug\libLib_CMSISv1p30_LPC13xx.a(system_LPC13xx.o)

.debug_aranges  0x00000000      0x338
 .debug_aranges
                0x00000000       0x70 ./src/cr_startup_lpc13.o
 .debug_aranges
                0x00000070       0x30 ./src/driveUART.o
 .debug_aranges
                0x000000a0       0x58 ./src/main.o
 .debug_aranges
                0x000000f8       0x88 C:\Users\Murilo\Documents\LPCXpresso_6.0.4_159\workspace\Lib_EaBaseBoard\Debug\libLib_EaBaseBoard.a(light.o)
 .debug_aranges
                0x00000180       0x90 C:\Users\Murilo\Documents\LPCXpresso_6.0.4_159\workspace\Lib_EaBaseBoard\Debug\libLib_EaBaseBoard.a(oled.o)
 .debug_aranges
                0x00000210       0x68 C:\Users\Murilo\Documents\LPCXpresso_6.0.4_159\workspace\Lib_MCU\Debug\libLib_MCU.a(gpio.o)
 .debug_aranges
                0x00000278       0x58 C:\Users\Murilo\Documents\LPCXpresso_6.0.4_159\workspace\Lib_MCU\Debug\libLib_MCU.a(i2c.o)
 .debug_aranges
                0x000002d0       0x40 C:\Users\Murilo\Documents\LPCXpresso_6.0.4_159\workspace\Lib_MCU\Debug\libLib_MCU.a(ssp.o)
 .debug_aranges
                0x00000310       0x28 C:\Users\Murilo\Documents\LPCXpresso_6.0.4_159\workspace\Lib_CMSISv1p30_LPC13xx\Debug\libLib_CMSISv1p30_LPC13xx.a(system_LPC13xx.o)

.debug_ranges   0x00000000      0x2a8
 .debug_ranges  0x00000000       0x60 ./src/cr_startup_lpc13.o
 .debug_ranges  0x00000060       0x20 ./src/driveUART.o
 .debug_ranges  0x00000080       0x48 ./src/main.o
 .debug_ranges  0x000000c8       0x78 C:\Users\Murilo\Documents\LPCXpresso_6.0.4_159\workspace\Lib_EaBaseBoard\Debug\libLib_EaBaseBoard.a(light.o)
 .debug_ranges  0x00000140       0x80 C:\Users\Murilo\Documents\LPCXpresso_6.0.4_159\workspace\Lib_EaBaseBoard\Debug\libLib_EaBaseBoard.a(oled.o)
 .debug_ranges  0x000001c0       0x58 C:\Users\Murilo\Documents\LPCXpresso_6.0.4_159\workspace\Lib_MCU\Debug\libLib_MCU.a(gpio.o)
 .debug_ranges  0x00000218       0x48 C:\Users\Murilo\Documents\LPCXpresso_6.0.4_159\workspace\Lib_MCU\Debug\libLib_MCU.a(i2c.o)
 .debug_ranges  0x00000260       0x30 C:\Users\Murilo\Documents\LPCXpresso_6.0.4_159\workspace\Lib_MCU\Debug\libLib_MCU.a(ssp.o)
 .debug_ranges  0x00000290       0x18 C:\Users\Murilo\Documents\LPCXpresso_6.0.4_159\workspace\Lib_CMSISv1p30_LPC13xx\Debug\libLib_CMSISv1p30_LPC13xx.a(system_LPC13xx.o)

.debug_line     0x00000000     0x2efe
 .debug_line    0x00000000      0x423 ./src/cr_startup_lpc13.o
 .debug_line    0x00000423      0x4c4 ./src/driveUART.o
 .debug_line    0x000008e7      0x51a ./src/main.o
 .debug_line    0x00000e01      0x57f C:\Users\Murilo\Documents\LPCXpresso_6.0.4_159\workspace\Lib_EaBaseBoard\Debug\libLib_EaBaseBoard.a(light.o)
 .debug_line    0x00001380      0x774 C:\Users\Murilo\Documents\LPCXpresso_6.0.4_159\workspace\Lib_EaBaseBoard\Debug\libLib_EaBaseBoard.a(oled.o)
 .debug_line    0x00001af4       0x8e C:\Users\Murilo\Documents\LPCXpresso_6.0.4_159\workspace\Lib_EaBaseBoard\Debug\libLib_EaBaseBoard.a(font5x7.o)
 .debug_line    0x00001b82      0x5bd C:\Users\Murilo\Documents\LPCXpresso_6.0.4_159\workspace\Lib_MCU\Debug\libLib_MCU.a(gpio.o)
 .debug_line    0x0000213f      0x4ec C:\Users\Murilo\Documents\LPCXpresso_6.0.4_159\workspace\Lib_MCU\Debug\libLib_MCU.a(i2c.o)
 .debug_line    0x0000262b      0x4b0 C:\Users\Murilo\Documents\LPCXpresso_6.0.4_159\workspace\Lib_MCU\Debug\libLib_MCU.a(ssp.o)
 .debug_line    0x00002adb      0x423 C:\Users\Murilo\Documents\LPCXpresso_6.0.4_159\workspace\Lib_CMSISv1p30_LPC13xx\Debug\libLib_CMSISv1p30_LPC13xx.a(system_LPC13xx.o)

.debug_macinfo  0x00000000    0x43e7f
 .debug_macinfo
                0x00000000     0x3d40 ./src/cr_startup_lpc13.o
 .debug_macinfo
                0x00003d40     0x7a27 ./src/driveUART.o
 .debug_macinfo
                0x0000b767     0x794a ./src/main.o
 .debug_macinfo
                0x000130b1     0x7ad2 C:\Users\Murilo\Documents\LPCXpresso_6.0.4_159\workspace\Lib_EaBaseBoard\Debug\libLib_EaBaseBoard.a(light.o)
 .debug_macinfo
                0x0001ab83     0x7e3f C:\Users\Murilo\Documents\LPCXpresso_6.0.4_159\workspace\Lib_EaBaseBoard\Debug\libLib_EaBaseBoard.a(oled.o)
 .debug_macinfo
                0x000229c2     0x334b C:\Users\Murilo\Documents\LPCXpresso_6.0.4_159\workspace\Lib_EaBaseBoard\Debug\libLib_EaBaseBoard.a(font5x7.o)
 .debug_macinfo
                0x00025d0d     0x7626 C:\Users\Murilo\Documents\LPCXpresso_6.0.4_159\workspace\Lib_MCU\Debug\libLib_MCU.a(gpio.o)
 .debug_macinfo
                0x0002d333     0x787e C:\Users\Murilo\Documents\LPCXpresso_6.0.4_159\workspace\Lib_MCU\Debug\libLib_MCU.a(i2c.o)
 .debug_macinfo
                0x00034bb1     0x79c2 C:\Users\Murilo\Documents\LPCXpresso_6.0.4_159\workspace\Lib_MCU\Debug\libLib_MCU.a(ssp.o)
 .debug_macinfo
                0x0003c573     0x790c C:\Users\Murilo\Documents\LPCXpresso_6.0.4_159\workspace\Lib_CMSISv1p30_LPC13xx\Debug\libLib_CMSISv1p30_LPC13xx.a(system_LPC13xx.o)

.debug_str      0x00000000     0x1509
 .debug_str     0x00000000      0x1e3 ./src/cr_startup_lpc13.o
                                0x217 (size before relaxing)
 .debug_str     0x000001e3      0x8d5 ./src/driveUART.o
                                0x9e7 (size before relaxing)
 .debug_str     0x00000ab8      0x242 ./src/main.o
                                0x3d8 (size before relaxing)
 .debug_str     0x00000cfa      0x25e C:\Users\Murilo\Documents\LPCXpresso_6.0.4_159\workspace\Lib_EaBaseBoard\Debug\libLib_EaBaseBoard.a(light.o)
                                0x389 (size before relaxing)
 .debug_str     0x00000f58      0x1b2 C:\Users\Murilo\Documents\LPCXpresso_6.0.4_159\workspace\Lib_EaBaseBoard\Debug\libLib_EaBaseBoard.a(oled.o)
                                0x31c (size before relaxing)
 .debug_str     0x0000110a       0x11 C:\Users\Murilo\Documents\LPCXpresso_6.0.4_159\workspace\Lib_EaBaseBoard\Debug\libLib_EaBaseBoard.a(font5x7.o)
                                 0xcc (size before relaxing)
 .debug_str     0x0000111b      0x15a C:\Users\Murilo\Documents\LPCXpresso_6.0.4_159\workspace\Lib_MCU\Debug\libLib_MCU.a(gpio.o)
                                0x8ab (size before relaxing)
 .debug_str     0x00001275      0x169 C:\Users\Murilo\Documents\LPCXpresso_6.0.4_159\workspace\Lib_MCU\Debug\libLib_MCU.a(i2c.o)
                                0xa83 (size before relaxing)
 .debug_str     0x000013de       0x8e C:\Users\Murilo\Documents\LPCXpresso_6.0.4_159\workspace\Lib_MCU\Debug\libLib_MCU.a(ssp.o)
                                0x9b8 (size before relaxing)
 .debug_str     0x0000146c       0x9d C:\Users\Murilo\Documents\LPCXpresso_6.0.4_159\workspace\Lib_CMSISv1p30_LPC13xx\Debug\libLib_CMSISv1p30_LPC13xx.a(system_LPC13xx.o)
                                0x446 (size before relaxing)

.comment        0x00000000       0xe0
 .comment       0x00000000       0x70 ./src/cr_startup_lpc13.o
                                 0x71 (size before relaxing)
 .comment       0x00000000       0x71 ./src/driveUART.o
 .comment       0x00000000       0x71 ./src/main.o
 .comment       0x00000000       0x71 C:\Users\Murilo\Documents\LPCXpresso_6.0.4_159\workspace\Lib_EaBaseBoard\Debug\libLib_EaBaseBoard.a(light.o)
 .comment       0x00000000       0x71 C:\Users\Murilo\Documents\LPCXpresso_6.0.4_159\workspace\Lib_EaBaseBoard\Debug\libLib_EaBaseBoard.a(oled.o)
 .comment       0x00000000       0x71 C:\Users\Murilo\Documents\LPCXpresso_6.0.4_159\workspace\Lib_EaBaseBoard\Debug\libLib_EaBaseBoard.a(font5x7.o)
 .comment       0x00000000       0x71 C:\Users\Murilo\Documents\LPCXpresso_6.0.4_159\workspace\Lib_MCU\Debug\libLib_MCU.a(gpio.o)
 .comment       0x00000000       0x71 C:\Users\Murilo\Documents\LPCXpresso_6.0.4_159\workspace\Lib_MCU\Debug\libLib_MCU.a(i2c.o)
 .comment       0x00000000       0x71 C:\Users\Murilo\Documents\LPCXpresso_6.0.4_159\workspace\Lib_MCU\Debug\libLib_MCU.a(ssp.o)
 .comment       0x00000000       0x71 C:\Users\Murilo\Documents\LPCXpresso_6.0.4_159\workspace\Lib_CMSISv1p30_LPC13xx\Debug\libLib_CMSISv1p30_LPC13xx.a(system_LPC13xx.o)
 .comment       0x00000070       0x70 c:/nxp/lpcxpresso_6.0.4_159/lpcxpresso/tools/bin/../lib/gcc/arm-none-eabi/4.6.2/../../../../arm-none-eabi/lib/armv7-m\libcr_semihost.a(_cr__main.o)
                                 0x71 (size before relaxing)
 .comment       0x00000000       0x71 c:/nxp/lpcxpresso_6.0.4_159/lpcxpresso/tools/bin/../lib/gcc/arm-none-eabi/4.6.2/../../../../arm-none-eabi/lib/armv7-m\libcr_c.a(memset.o)
 .comment       0x00000000       0x71 c:/nxp/lpcxpresso_6.0.4_159/lpcxpresso/tools/bin/../lib/gcc/arm-none-eabi/4.6.2/../../../../arm-none-eabi/lib/armv7-m\libcr_c.a(fpprintf.o)
 .comment       0x00000000       0x71 c:/nxp/lpcxpresso_6.0.4_159/lpcxpresso/tools/bin/../lib/gcc/arm-none-eabi/4.6.2/../../../../arm-none-eabi/lib/armv7-m\libcr_c.a(initio.o)
 .comment       0x00000000       0x71 c:/nxp/lpcxpresso_6.0.4_159/lpcxpresso/tools/bin/../lib/gcc/arm-none-eabi/4.6.2/../../../../arm-none-eabi/lib/armv7-m\libcr_c.a(printf.o)
 .comment       0x00000000       0x71 c:/nxp/lpcxpresso_6.0.4_159/lpcxpresso/tools/bin/../lib/gcc/arm-none-eabi/4.6.2/../../../../arm-none-eabi/lib/armv7-m\libcr_c.a(setvbuf.o)
 .comment       0x00000000       0x71 c:/nxp/lpcxpresso_6.0.4_159/lpcxpresso/tools/bin/../lib/gcc/arm-none-eabi/4.6.2/../../../../arm-none-eabi/lib/armv7-m\libcr_c.a(stdio.o)
 .comment       0x00000000       0x71 c:/nxp/lpcxpresso_6.0.4_159/lpcxpresso/tools/bin/../lib/gcc/arm-none-eabi/4.6.2/../../../../arm-none-eabi/lib/armv7-m\libcr_c.a(strlen.o)
 .comment       0x00000000       0x71 c:/nxp/lpcxpresso_6.0.4_159/lpcxpresso/tools/bin/../lib/gcc/arm-none-eabi/4.6.2/../../../../arm-none-eabi/lib/armv7-m\libcr_c.a(__fillbuf.o)
 .comment       0x00000000       0x71 c:/nxp/lpcxpresso_6.0.4_159/lpcxpresso/tools/bin/../lib/gcc/arm-none-eabi/4.6.2/../../../../arm-none-eabi/lib/armv7-m\libcr_c.a(_deferredlazyseek.o)
 .comment       0x00000000       0x71 c:/nxp/lpcxpresso_6.0.4_159/lpcxpresso/tools/bin/../lib/gcc/arm-none-eabi/4.6.2/../../../../arm-none-eabi/lib/armv7-m\libcr_c.a(_fdopen.o)
 .comment       0x00000000       0x71 c:/nxp/lpcxpresso_6.0.4_159/lpcxpresso/tools/bin/../lib/gcc/arm-none-eabi/4.6.2/../../../../arm-none-eabi/lib/armv7-m\libcr_c.a(_fflush.o)
 .comment       0x00000000       0x71 c:/nxp/lpcxpresso_6.0.4_159/lpcxpresso/tools/bin/../lib/gcc/arm-none-eabi/4.6.2/../../../../arm-none-eabi/lib/armv7-m\libcr_c.a(_frexpl.o)
 .comment       0x00000000       0x71 c:/nxp/lpcxpresso_6.0.4_159/lpcxpresso/tools/bin/../lib/gcc/arm-none-eabi/4.6.2/../../../../arm-none-eabi/lib/armv7-m\libcr_c.a(_ldexpl.o)
 .comment       0x00000000       0x71 c:/nxp/lpcxpresso_6.0.4_159/lpcxpresso/tools/bin/../lib/gcc/arm-none-eabi/4.6.2/../../../../arm-none-eabi/lib/armv7-m\libcr_c.a(_writebuf.o)
 .comment       0x00000000       0x71 c:/nxp/lpcxpresso_6.0.4_159/lpcxpresso/tools/bin/../lib/gcc/arm-none-eabi/4.6.2/../../../../arm-none-eabi/lib/armv7-m\libcr_c.a(alloc.o)
 .comment       0x00000000       0x71 c:/nxp/lpcxpresso_6.0.4_159/lpcxpresso/tools/bin/../lib/gcc/arm-none-eabi/4.6.2/../../../../arm-none-eabi/lib/armv7-m\libcr_c.a(errno.o)
 .comment       0x00000000       0x71 c:/nxp/lpcxpresso_6.0.4_159/lpcxpresso/tools/bin/../lib/gcc/arm-none-eabi/4.6.2/../../../../arm-none-eabi/lib/armv7-m\libcr_c.a(fclose.o)
 .comment       0x00000000       0x71 c:/nxp/lpcxpresso_6.0.4_159/lpcxpresso/tools/bin/../lib/gcc/arm-none-eabi/4.6.2/../../../../arm-none-eabi/lib/armv7-m\libcr_c.a(fflush.o)
 .comment       0x00000000       0x71 c:/nxp/lpcxpresso_6.0.4_159/lpcxpresso/tools/bin/../lib/gcc/arm-none-eabi/4.6.2/../../../../arm-none-eabi/lib/armv7-m\libcr_c.a(fseek.o)
 .comment       0x00000000       0x71 c:/nxp/lpcxpresso_6.0.4_159/lpcxpresso/tools/bin/../lib/gcc/arm-none-eabi/4.6.2/../../../../arm-none-eabi/lib/armv7-m\libcr_c.a(ftell.o)
 .comment       0x00000000       0x71 c:/nxp/lpcxpresso_6.0.4_159/lpcxpresso/tools/bin/../lib/gcc/arm-none-eabi/4.6.2/../../../../arm-none-eabi/lib/armv7-m\libcr_c.a(remove.o)
 .comment       0x00000000       0x71 c:/nxp/lpcxpresso_6.0.4_159/lpcxpresso/tools/bin/../lib/gcc/arm-none-eabi/4.6.2/../../../../arm-none-eabi/lib/armv7-m\libcr_c.a(memcpy.o)
 .comment       0x00000000       0x71 c:/nxp/lpcxpresso_6.0.4_159/lpcxpresso/tools/bin/../lib/gcc/arm-none-eabi/4.6.2/../../../../arm-none-eabi/lib/armv7-m\libcr_c.a(__init_alloc.o)
 .comment       0x00000000       0x71 c:/nxp/lpcxpresso_6.0.4_159/lpcxpresso/tools/bin/../lib/gcc/arm-none-eabi/4.6.2/../../../../arm-none-eabi/lib/armv7-m\libcr_c.a(_do_fflush.o)
 .comment       0x00000000       0x71 c:/nxp/lpcxpresso_6.0.4_159/lpcxpresso/tools/bin/../lib/gcc/arm-none-eabi/4.6.2/../../../../arm-none-eabi/lib/armv7-m\libcr_c.a(_hugeval.o)
 .comment       0x00000000       0x71 c:/nxp/lpcxpresso_6.0.4_159/lpcxpresso/tools/bin/../lib/gcc/arm-none-eabi/4.6.2/armv7-m\libcr_eabihelpers.a(double.o)
 .comment       0x00000000       0x71 c:/nxp/lpcxpresso_6.0.4_159/lpcxpresso/tools/bin/../lib/gcc/arm-none-eabi/4.6.2/../../../../arm-none-eabi/lib/armv7-m\libcr_semihost.a(_cr_sbrk.o)
 .comment       0x00000000       0x71 c:/nxp/lpcxpresso_6.0.4_159/lpcxpresso/tools/bin/../lib/gcc/arm-none-eabi/4.6.2/../../../../arm-none-eabi/lib/armv7-m\libcr_semihost.a(_cr_check_heap.o)

.ARM.attributes
                0x00000000       0x31
 .ARM.attributes
                0x00000000       0x33 ./src/cr_startup_lpc13.o
 .ARM.attributes
                0x00000033       0x33 ./src/driveUART.o
 .ARM.attributes
                0x00000066       0x33 ./src/main.o
 .ARM.attributes
                0x00000099       0x33 C:\Users\Murilo\Documents\LPCXpresso_6.0.4_159\workspace\Lib_EaBaseBoard\Debug\libLib_EaBaseBoard.a(light.o)
 .ARM.attributes
                0x000000cc       0x33 C:\Users\Murilo\Documents\LPCXpresso_6.0.4_159\workspace\Lib_EaBaseBoard\Debug\libLib_EaBaseBoard.a(oled.o)
 .ARM.attributes
                0x000000ff       0x33 C:\Users\Murilo\Documents\LPCXpresso_6.0.4_159\workspace\Lib_EaBaseBoard\Debug\libLib_EaBaseBoard.a(font5x7.o)
 .ARM.attributes
                0x00000132       0x33 C:\Users\Murilo\Documents\LPCXpresso_6.0.4_159\workspace\Lib_MCU\Debug\libLib_MCU.a(gpio.o)
 .ARM.attributes
                0x00000165       0x33 C:\Users\Murilo\Documents\LPCXpresso_6.0.4_159\workspace\Lib_MCU\Debug\libLib_MCU.a(i2c.o)
 .ARM.attributes
                0x00000198       0x33 C:\Users\Murilo\Documents\LPCXpresso_6.0.4_159\workspace\Lib_MCU\Debug\libLib_MCU.a(ssp.o)
 .ARM.attributes
                0x000001cb       0x33 C:\Users\Murilo\Documents\LPCXpresso_6.0.4_159\workspace\Lib_CMSISv1p30_LPC13xx\Debug\libLib_CMSISv1p30_LPC13xx.a(system_LPC13xx.o)
 .ARM.attributes
                0x000001fe       0x33 c:/nxp/lpcxpresso_6.0.4_159/lpcxpresso/tools/bin/../lib/gcc/arm-none-eabi/4.6.2/../../../../arm-none-eabi/lib/armv7-m\libcr_semihost.a(_cr__main.o)
 .ARM.attributes
                0x00000231       0x33 c:/nxp/lpcxpresso_6.0.4_159/lpcxpresso/tools/bin/../lib/gcc/arm-none-eabi/4.6.2/../../../../arm-none-eabi/lib/armv7-m\libcr_c.a(memset.o)
 .ARM.attributes
                0x00000264       0x33 c:/nxp/lpcxpresso_6.0.4_159/lpcxpresso/tools/bin/../lib/gcc/arm-none-eabi/4.6.2/../../../../arm-none-eabi/lib/armv7-m\libcr_c.a(fpprintf.o)
 .ARM.attributes
                0x00000297       0x33 c:/nxp/lpcxpresso_6.0.4_159/lpcxpresso/tools/bin/../lib/gcc/arm-none-eabi/4.6.2/../../../../arm-none-eabi/lib/armv7-m\libcr_c.a(initio.o)
 .ARM.attributes
                0x000002ca       0x33 c:/nxp/lpcxpresso_6.0.4_159/lpcxpresso/tools/bin/../lib/gcc/arm-none-eabi/4.6.2/../../../../arm-none-eabi/lib/armv7-m\libcr_c.a(printf.o)
 .ARM.attributes
                0x000002fd       0x33 c:/nxp/lpcxpresso_6.0.4_159/lpcxpresso/tools/bin/../lib/gcc/arm-none-eabi/4.6.2/../../../../arm-none-eabi/lib/armv7-m\libcr_c.a(setvbuf.o)
 .ARM.attributes
                0x00000330       0x33 c:/nxp/lpcxpresso_6.0.4_159/lpcxpresso/tools/bin/../lib/gcc/arm-none-eabi/4.6.2/../../../../arm-none-eabi/lib/armv7-m\libcr_c.a(stdio.o)
 .ARM.attributes
                0x00000363       0x33 c:/nxp/lpcxpresso_6.0.4_159/lpcxpresso/tools/bin/../lib/gcc/arm-none-eabi/4.6.2/../../../../arm-none-eabi/lib/armv7-m\libcr_c.a(strlen.o)
 .ARM.attributes
                0x00000396       0x33 c:/nxp/lpcxpresso_6.0.4_159/lpcxpresso/tools/bin/../lib/gcc/arm-none-eabi/4.6.2/../../../../arm-none-eabi/lib/armv7-m\libcr_c.a(__fillbuf.o)
 .ARM.attributes
                0x000003c9       0x33 c:/nxp/lpcxpresso_6.0.4_159/lpcxpresso/tools/bin/../lib/gcc/arm-none-eabi/4.6.2/../../../../arm-none-eabi/lib/armv7-m\libcr_c.a(_deferredlazyseek.o)
 .ARM.attributes
                0x000003fc       0x33 c:/nxp/lpcxpresso_6.0.4_159/lpcxpresso/tools/bin/../lib/gcc/arm-none-eabi/4.6.2/../../../../arm-none-eabi/lib/armv7-m\libcr_c.a(_fdopen.o)
 .ARM.attributes
                0x0000042f       0x33 c:/nxp/lpcxpresso_6.0.4_159/lpcxpresso/tools/bin/../lib/gcc/arm-none-eabi/4.6.2/../../../../arm-none-eabi/lib/armv7-m\libcr_c.a(_fflush.o)
 .ARM.attributes
                0x00000462       0x33 c:/nxp/lpcxpresso_6.0.4_159/lpcxpresso/tools/bin/../lib/gcc/arm-none-eabi/4.6.2/../../../../arm-none-eabi/lib/armv7-m\libcr_c.a(_frexpl.o)
 .ARM.attributes
                0x00000495       0x33 c:/nxp/lpcxpresso_6.0.4_159/lpcxpresso/tools/bin/../lib/gcc/arm-none-eabi/4.6.2/../../../../arm-none-eabi/lib/armv7-m\libcr_c.a(_ldexpl.o)
 .ARM.attributes
                0x000004c8       0x33 c:/nxp/lpcxpresso_6.0.4_159/lpcxpresso/tools/bin/../lib/gcc/arm-none-eabi/4.6.2/../../../../arm-none-eabi/lib/armv7-m\libcr_c.a(_writebuf.o)
 .ARM.attributes
                0x000004fb       0x33 c:/nxp/lpcxpresso_6.0.4_159/lpcxpresso/tools/bin/../lib/gcc/arm-none-eabi/4.6.2/../../../../arm-none-eabi/lib/armv7-m\libcr_c.a(alloc.o)
 .ARM.attributes
                0x0000052e       0x33 c:/nxp/lpcxpresso_6.0.4_159/lpcxpresso/tools/bin/../lib/gcc/arm-none-eabi/4.6.2/../../../../arm-none-eabi/lib/armv7-m\libcr_c.a(errno.o)
 .ARM.attributes
                0x00000561       0x33 c:/nxp/lpcxpresso_6.0.4_159/lpcxpresso/tools/bin/../lib/gcc/arm-none-eabi/4.6.2/../../../../arm-none-eabi/lib/armv7-m\libcr_c.a(fclose.o)
 .ARM.attributes
                0x00000594       0x33 c:/nxp/lpcxpresso_6.0.4_159/lpcxpresso/tools/bin/../lib/gcc/arm-none-eabi/4.6.2/../../../../arm-none-eabi/lib/armv7-m\libcr_c.a(fflush.o)
 .ARM.attributes
                0x000005c7       0x33 c:/nxp/lpcxpresso_6.0.4_159/lpcxpresso/tools/bin/../lib/gcc/arm-none-eabi/4.6.2/../../../../arm-none-eabi/lib/armv7-m\libcr_c.a(fseek.o)
 .ARM.attributes
                0x000005fa       0x33 c:/nxp/lpcxpresso_6.0.4_159/lpcxpresso/tools/bin/../lib/gcc/arm-none-eabi/4.6.2/../../../../arm-none-eabi/lib/armv7-m\libcr_c.a(ftell.o)
 .ARM.attributes
                0x0000062d       0x33 c:/nxp/lpcxpresso_6.0.4_159/lpcxpresso/tools/bin/../lib/gcc/arm-none-eabi/4.6.2/../../../../arm-none-eabi/lib/armv7-m\libcr_c.a(remove.o)
 .ARM.attributes
                0x00000660       0x33 c:/nxp/lpcxpresso_6.0.4_159/lpcxpresso/tools/bin/../lib/gcc/arm-none-eabi/4.6.2/../../../../arm-none-eabi/lib/armv7-m\libcr_c.a(memcpy.o)
 .ARM.attributes
                0x00000693       0x33 c:/nxp/lpcxpresso_6.0.4_159/lpcxpresso/tools/bin/../lib/gcc/arm-none-eabi/4.6.2/../../../../arm-none-eabi/lib/armv7-m\libcr_c.a(__init_alloc.o)
 .ARM.attributes
                0x000006c6       0x33 c:/nxp/lpcxpresso_6.0.4_159/lpcxpresso/tools/bin/../lib/gcc/arm-none-eabi/4.6.2/../../../../arm-none-eabi/lib/armv7-m\libcr_c.a(_do_fflush.o)
 .ARM.attributes
                0x000006f9       0x33 c:/nxp/lpcxpresso_6.0.4_159/lpcxpresso/tools/bin/../lib/gcc/arm-none-eabi/4.6.2/../../../../arm-none-eabi/lib/armv7-m\libcr_c.a(_hugeval.o)
 .ARM.attributes
                0x0000072c       0x33 c:/nxp/lpcxpresso_6.0.4_159/lpcxpresso/tools/bin/../lib/gcc/arm-none-eabi/4.6.2/armv7-m\libcr_eabihelpers.a(double.o)
 .ARM.attributes
                0x0000075f       0x21 c:/nxp/lpcxpresso_6.0.4_159/lpcxpresso/tools/bin/../lib/gcc/arm-none-eabi/4.6.2/armv7-m\libcr_eabihelpers.a(memcpy.o)
 .ARM.attributes
                0x00000780       0x21 c:/nxp/lpcxpresso_6.0.4_159/lpcxpresso/tools/bin/../lib/gcc/arm-none-eabi/4.6.2/../../../../arm-none-eabi/lib/armv7-m\libcr_semihost.a(__sys_appexit.o)
 .ARM.attributes
                0x000007a1       0x21 c:/nxp/lpcxpresso_6.0.4_159/lpcxpresso/tools/bin/../lib/gcc/arm-none-eabi/4.6.2/../../../../arm-none-eabi/lib/armv7-m\libcr_semihost.a(__sys_close.o)
 .ARM.attributes
                0x000007c2       0x21 c:/nxp/lpcxpresso_6.0.4_159/lpcxpresso/tools/bin/../lib/gcc/arm-none-eabi/4.6.2/../../../../arm-none-eabi/lib/armv7-m\libcr_semihost.a(__sys_flen.o)
 .ARM.attributes
                0x000007e3       0x21 c:/nxp/lpcxpresso_6.0.4_159/lpcxpresso/tools/bin/../lib/gcc/arm-none-eabi/4.6.2/../../../../arm-none-eabi/lib/armv7-m\libcr_semihost.a(__sys_istty.o)
 .ARM.attributes
                0x00000804       0x21 c:/nxp/lpcxpresso_6.0.4_159/lpcxpresso/tools/bin/../lib/gcc/arm-none-eabi/4.6.2/../../../../arm-none-eabi/lib/armv7-m\libcr_semihost.a(__sys_read.o)
 .ARM.attributes
                0x00000825       0x21 c:/nxp/lpcxpresso_6.0.4_159/lpcxpresso/tools/bin/../lib/gcc/arm-none-eabi/4.6.2/../../../../arm-none-eabi/lib/armv7-m\libcr_semihost.a(__sys_readc.o)
 .ARM.attributes
                0x00000846       0x21 c:/nxp/lpcxpresso_6.0.4_159/lpcxpresso/tools/bin/../lib/gcc/arm-none-eabi/4.6.2/../../../../arm-none-eabi/lib/armv7-m\libcr_semihost.a(__sys_remove.o)
 .ARM.attributes
                0x00000867       0x21 c:/nxp/lpcxpresso_6.0.4_159/lpcxpresso/tools/bin/../lib/gcc/arm-none-eabi/4.6.2/../../../../arm-none-eabi/lib/armv7-m\libcr_semihost.a(__sys_rename.o)
 .ARM.attributes
                0x00000888       0x21 c:/nxp/lpcxpresso_6.0.4_159/lpcxpresso/tools/bin/../lib/gcc/arm-none-eabi/4.6.2/../../../../arm-none-eabi/lib/armv7-m\libcr_semihost.a(__sys_seek.o)
 .ARM.attributes
                0x000008a9       0x21 c:/nxp/lpcxpresso_6.0.4_159/lpcxpresso/tools/bin/../lib/gcc/arm-none-eabi/4.6.2/../../../../arm-none-eabi/lib/armv7-m\libcr_semihost.a(__sys_tmpnam.o)
 .ARM.attributes
                0x000008ca       0x21 c:/nxp/lpcxpresso_6.0.4_159/lpcxpresso/tools/bin/../lib/gcc/arm-none-eabi/4.6.2/../../../../arm-none-eabi/lib/armv7-m\libcr_semihost.a(__sys_write.o)
 .ARM.attributes
                0x000008eb       0x33 c:/nxp/lpcxpresso_6.0.4_159/lpcxpresso/tools/bin/../lib/gcc/arm-none-eabi/4.6.2/../../../../arm-none-eabi/lib/armv7-m\libcr_semihost.a(_cr_sbrk.o)
 .ARM.attributes
                0x0000091e       0x33 c:/nxp/lpcxpresso_6.0.4_159/lpcxpresso/tools/bin/../lib/gcc/arm-none-eabi/4.6.2/../../../../arm-none-eabi/lib/armv7-m\libcr_semihost.a(_cr_check_heap.o)

.debug_frame    0x00000000      0x878
 .debug_frame   0x00000000       0xc8 ./src/cr_startup_lpc13.o
 .debug_frame   0x000000c8       0x58 ./src/driveUART.o
 .debug_frame   0x00000120       0xb4 ./src/main.o
 .debug_frame   0x000001d4      0x1c8 C:\Users\Murilo\Documents\LPCXpresso_6.0.4_159\workspace\Lib_EaBaseBoard\Debug\libLib_EaBaseBoard.a(light.o)
 .debug_frame   0x0000039c      0x1ec C:\Users\Murilo\Documents\LPCXpresso_6.0.4_159\workspace\Lib_EaBaseBoard\Debug\libLib_EaBaseBoard.a(oled.o)
 .debug_frame   0x00000588      0x128 C:\Users\Murilo\Documents\LPCXpresso_6.0.4_159\workspace\Lib_MCU\Debug\libLib_MCU.a(gpio.o)
 .debug_frame   0x000006b0       0xf8 C:\Users\Murilo\Documents\LPCXpresso_6.0.4_159\workspace\Lib_MCU\Debug\libLib_MCU.a(i2c.o)
 .debug_frame   0x000007a8       0xa0 C:\Users\Murilo\Documents\LPCXpresso_6.0.4_159\workspace\Lib_MCU\Debug\libLib_MCU.a(ssp.o)
 .debug_frame   0x00000848       0x30 C:\Users\Murilo\Documents\LPCXpresso_6.0.4_159\workspace\Lib_CMSISv1p30_LPC13xx\Debug\libLib_CMSISv1p30_LPC13xx.a(system_LPC13xx.o)
